<?xml version="1.0" encoding="UTF-8"?>
<TestRun id="5b6007f4-39f1-4336-86f9-ab519560c710" name="shiless@FANZ-FAL099329 2011-01-12 15:08:54" runUser="FAL\shiless" xmlns="http://microsoft.com/schemas/VisualStudio/TeamTest/2006">
  <TestRunConfiguration name="Local Test Run" id="20e65539-8756-4fda-a223-697f3684f4d4">
    <Description>This is a default test run configuration for a local test run.</Description>
    <Deployment runDeploymentRoot="D:\Documents and Settings\shiless\My Documents\Binding Framework\BindingFramework\TestResults\shiless_FANZ-FAL099329 2011-01-12 15_08_54">
      <DeploymentItem filename="D:\Documents and Settings\shiless\My Documents\Binding Framework\BindingFramework\Binding\bin\Debug\Binding.dll" />
      <DeploymentItem filename="D:\Documents and Settings\shiless\My Documents\Binding Framework\BindingFramework\BinderTests\bin\Debug\ASPBinding.dll" />
      <DeploymentItem filename="D:\Documents and Settings\shiless\My Documents\Binding Framework\BindingFramework\BinderTests\bin\Debug\Rhino.Mocks.dll" />
    </Deployment>
    <TestTypeSpecific />
  </TestRunConfiguration>
  <ResultSummary outcome="Error">
    <Counters total="21" error="0" failed="0" timeout="0" aborted="0" inconclusive="0" passedButRunAborted="0" notRunnable="0" notExecuted="21" disconnected="0" warning="0" passed="0" completed="0" inProgress="0" pending="0" />
    <RunInfos>
      <RunInfo computerName="FANZ-FAL099329" outcome="Error" timestamp="2011-01-12T15:08:55.0658334+09:30">
        <Text>Failed to queue test run 'shiless@FANZ-FAL099329 2011-01-12 15:08:54': Test Run deployment issue: The location of the file or directory 'D:\Documents and Settings\shiless\My Documents\Binding Framework\BindingFramework\BinderTests\bin\Debug\Rhino.Mocks.dll' is not trusted.</Text>
        <Exception>Microsoft.VisualStudio.TestTools.TestManagement.ExecutionException: Test Run deployment issue: The location of the file or directory 'D:\Documents and Settings\shiless\My Documents\Binding Framework\BindingFramework\BinderTests\bin\Debug\Rhino.Mocks.dll' is not trusted.
   at Microsoft.VisualStudio.TestTools.TestManagement.DeploymentManager.DoDeployment(TestRun run, FileCopyService fileCopyService)
   at Microsoft.VisualStudio.TestTools.TestManagement.ControllerProxy.SetupTestRun(TestRun run, Boolean isNewTestRun, FileCopyService&amp; fileCopyService)
   at Microsoft.VisualStudio.TestTools.TestManagement.ControllerProxy.QueueTestRunWorker(Object state)</Exception>
      </RunInfo>
    </RunInfos>
  </ResultSummary>
  <Times creation="2011-01-12T15:08:54.2532450+09:30" queuing="2011-01-12T15:08:54.2532450+09:30" start="2011-01-12T15:08:54.2532450+09:30" finish="2011-01-12T15:08:55.0658334+09:30" />
  <TestDefinitions>
    <UnitTest name="ExplicitAuthorityTest" storage="d:\documents and settings\shiless\my documents\binding framework\bindingframework\frameworktests\bin\debug\frameworktests.dll" id="016ef5fd-2cab-5eba-5891-aee888b10369">
      <Css projectStructure="" iteration="" />
      <Owners>
        <Owner name="" />
      </Owners>
      <TestMethod codeBase="D:\Documents and Settings\shiless\My Documents\Binding Framework\BindingFramework\FrameworkTests\bin\Debug\FrameworkTests.dll" adapterTypeName="Microsoft.VisualStudio.TestTools.TestTypes.Unit.UnitTestAdapter, Microsoft.VisualStudio.QualityTools.Tips.UnitTest.Adapter, Version=9.0.0.0, Culture=neutral, PublicKeyToken=b03f5f7f11d50a3a" className="BinderTests.BinderBaseUnbindTests, FrameworkTests" name="ExplicitAuthorityTest" />
    </UnitTest>
    <UnitTest name="CollectionTwoWayTest" storage="d:\documents and settings\shiless\my documents\binding framework\bindingframework\frameworktests\bin\debug\frameworktests.dll" id="e676d73e-7761-b947-62de-81a1f4a950fa">
      <Css projectStructure="" iteration="" />
      <Owners>
        <Owner name="" />
      </Owners>
      <TestMethod codeBase="D:\Documents and Settings\shiless\My Documents\Binding Framework\BindingFramework\FrameworkTests\bin\Debug\FrameworkTests.dll" adapterTypeName="Microsoft.VisualStudio.TestTools.TestTypes.Unit.UnitTestAdapter, Microsoft.VisualStudio.QualityTools.Tips.UnitTest.Adapter, Version=9.0.0.0, Culture=neutral, PublicKeyToken=b03f5f7f11d50a3a" className="BinderTests.BinderBaseUnbindTests, FrameworkTests" name="CollectionTwoWayTest" />
    </UnitTest>
    <UnitTest name="VerifyTextboxInRepeaterProgrammaticBindReturnsCorrectValue" storage="d:\documents and settings\shiless\my documents\binding framework\bindingframework\frameworktests\bin\debug\frameworktests.dll" id="40942389-b82b-418b-0a5c-0a6377319b90">
      <Css projectStructure="" iteration="" />
      <Owners>
        <Owner name="" />
      </Owners>
      <TestMethod codeBase="D:\Documents and Settings\shiless\My Documents\Binding Framework\BindingFramework\FrameworkTests\bin\Debug\FrameworkTests.dll" adapterTypeName="Microsoft.VisualStudio.TestTools.TestTypes.Unit.UnitTestAdapter, Microsoft.VisualStudio.QualityTools.Tips.UnitTest.Adapter, Version=9.0.0.0, Culture=neutral, PublicKeyToken=b03f5f7f11d50a3a" className="BinderTests.BinderBaseBindTests, FrameworkTests" name="VerifyTextboxInRepeaterProgrammaticBindReturnsCorrectValue" />
    </UnitTest>
    <UnitTest name="ContextIsConsistentBetweenGetsTest" storage="d:\documents and settings\shiless\my documents\binding framework\bindingframework\frameworktests\bin\debug\frameworktests.dll" id="4e684b37-0405-d140-9865-f8fc3ca26985">
      <Css projectStructure="" iteration="" />
      <Owners>
        <Owner name="" />
      </Owners>
      <TestMethod codeBase="D:\Documents and Settings\shiless\My Documents\Binding Framework\BindingFramework\FrameworkTests\bin\Debug\FrameworkTests.dll" adapterTypeName="Microsoft.VisualStudio.TestTools.TestTypes.Unit.UnitTestAdapter, Microsoft.VisualStudio.QualityTools.Tips.UnitTest.Adapter, Version=9.0.0.0, Culture=neutral, PublicKeyToken=b03f5f7f11d50a3a" className="BinderTests.ContextRetrievalTests, FrameworkTests" name="ContextIsConsistentBetweenGetsTest" />
    </UnitTest>
    <UnitTest name="VerifyTextboxTextProgrammaticBindCreatesCorrectBindingObject" storage="d:\documents and settings\shiless\my documents\binding framework\bindingframework\frameworktests\bin\debug\frameworktests.dll" id="fedc116c-552f-c977-989e-8545d6a52623">
      <Css projectStructure="" iteration="" />
      <Owners>
        <Owner name="" />
      </Owners>
      <TestMethod codeBase="D:\Documents and Settings\shiless\My Documents\Binding Framework\BindingFramework\FrameworkTests\bin\Debug\FrameworkTests.dll" adapterTypeName="Microsoft.VisualStudio.TestTools.TestTypes.Unit.UnitTestAdapter, Microsoft.VisualStudio.QualityTools.Tips.UnitTest.Adapter, Version=9.0.0.0, Culture=neutral, PublicKeyToken=b03f5f7f11d50a3a" className="BinderTests.BinderBaseBindTests, FrameworkTests" name="VerifyTextboxTextProgrammaticBindCreatesCorrectBindingObject" />
    </UnitTest>
    <UnitTest name="DefaultAuthorityIsLastBindingTest" storage="d:\documents and settings\shiless\my documents\binding framework\bindingframework\frameworktests\bin\debug\frameworktests.dll" id="7ddd65ff-b5d5-b573-027b-c8a8bc9db9f2">
      <Css projectStructure="" iteration="" />
      <Owners>
        <Owner name="" />
      </Owners>
      <TestMethod codeBase="D:\Documents and Settings\shiless\My Documents\Binding Framework\BindingFramework\FrameworkTests\bin\Debug\FrameworkTests.dll" adapterTypeName="Microsoft.VisualStudio.TestTools.TestTypes.Unit.UnitTestAdapter, Microsoft.VisualStudio.QualityTools.Tips.UnitTest.Adapter, Version=9.0.0.0, Culture=neutral, PublicKeyToken=b03f5f7f11d50a3a" className="BinderTests.BinderBaseUnbindTests, FrameworkTests" name="DefaultAuthorityIsLastBindingTest" />
    </UnitTest>
    <UnitTest name="IndexedPathSourceResolutionTest" storage="d:\documents and settings\shiless\my documents\binding framework\bindingframework\frameworktests\bin\debug\frameworktests.dll" id="99fb07f7-55bf-f7e4-7a96-48e36a5c2ad7">
      <Css projectStructure="" iteration="" />
      <Owners>
        <Owner name="" />
      </Owners>
      <TestMethod codeBase="D:\Documents and Settings\shiless\My Documents\Binding Framework\BindingFramework\FrameworkTests\bin\Debug\FrameworkTests.dll" adapterTypeName="Microsoft.VisualStudio.TestTools.TestTypes.Unit.UnitTestAdapter, Microsoft.VisualStudio.QualityTools.Tips.UnitTest.Adapter, Version=9.0.0.0, Culture=neutral, PublicKeyToken=b03f5f7f11d50a3a" className="BinderTests.BindingPathTests, FrameworkTests" name="IndexedPathSourceResolutionTest" />
    </UnitTest>
    <UnitTest name="NestedCollectionRelativePathTest" storage="d:\documents and settings\shiless\my documents\binding framework\bindingframework\frameworktests\bin\debug\frameworktests.dll" id="bf4bd52d-ee45-124b-ffdc-23ceefc77bc4">
      <Css projectStructure="" iteration="" />
      <Owners>
        <Owner name="" />
      </Owners>
      <TestMethod codeBase="D:\Documents and Settings\shiless\My Documents\Binding Framework\BindingFramework\FrameworkTests\bin\Debug\FrameworkTests.dll" adapterTypeName="Microsoft.VisualStudio.TestTools.TestTypes.Unit.UnitTestAdapter, Microsoft.VisualStudio.QualityTools.Tips.UnitTest.Adapter, Version=9.0.0.0, Culture=neutral, PublicKeyToken=b03f5f7f11d50a3a" className="BinderTests.BindingPathTests, FrameworkTests" name="NestedCollectionRelativePathTest" />
    </UnitTest>
    <UnitTest name="VerifyTextboxTextProgrammaticBindReturnsCorrectValue" storage="d:\documents and settings\shiless\my documents\binding framework\bindingframework\frameworktests\bin\debug\frameworktests.dll" id="b93cf5e8-cb14-8165-6d00-dc6c238d51e6">
      <Css projectStructure="" iteration="" />
      <Owners>
        <Owner name="" />
      </Owners>
      <TestMethod codeBase="D:\Documents and Settings\shiless\My Documents\Binding Framework\BindingFramework\FrameworkTests\bin\Debug\FrameworkTests.dll" adapterTypeName="Microsoft.VisualStudio.TestTools.TestTypes.Unit.UnitTestAdapter, Microsoft.VisualStudio.QualityTools.Tips.UnitTest.Adapter, Version=9.0.0.0, Culture=neutral, PublicKeyToken=b03f5f7f11d50a3a" className="BinderTests.BinderBaseBindTests, FrameworkTests" name="VerifyTextboxTextProgrammaticBindReturnsCorrectValue" />
    </UnitTest>
    <UnitTest name="NestedAbsolutePathTest" storage="d:\documents and settings\shiless\my documents\binding framework\bindingframework\frameworktests\bin\debug\frameworktests.dll" id="efbb38b3-e1cb-c476-63a6-499bcb1a2414">
      <Css projectStructure="" iteration="" />
      <Owners>
        <Owner name="" />
      </Owners>
      <TestMethod codeBase="D:\Documents and Settings\shiless\My Documents\Binding Framework\BindingFramework\FrameworkTests\bin\Debug\FrameworkTests.dll" adapterTypeName="Microsoft.VisualStudio.TestTools.TestTypes.Unit.UnitTestAdapter, Microsoft.VisualStudio.QualityTools.Tips.UnitTest.Adapter, Version=9.0.0.0, Culture=neutral, PublicKeyToken=b03f5f7f11d50a3a" className="BinderTests.BindingPathTests, FrameworkTests" name="NestedAbsolutePathTest" />
    </UnitTest>
    <UnitTest name="CollectionOneWayTest" storage="d:\documents and settings\shiless\my documents\binding framework\bindingframework\frameworktests\bin\debug\frameworktests.dll" id="ebdb73ed-ade3-2a15-763a-2451dfefc938">
      <Css projectStructure="" iteration="" />
      <Owners>
        <Owner name="" />
      </Owners>
      <TestMethod codeBase="D:\Documents and Settings\shiless\My Documents\Binding Framework\BindingFramework\FrameworkTests\bin\Debug\FrameworkTests.dll" adapterTypeName="Microsoft.VisualStudio.TestTools.TestTypes.Unit.UnitTestAdapter, Microsoft.VisualStudio.QualityTools.Tips.UnitTest.Adapter, Version=9.0.0.0, Culture=neutral, PublicKeyToken=b03f5f7f11d50a3a" className="BinderTests.BinderBaseUnbindTests, FrameworkTests" name="CollectionOneWayTest" />
    </UnitTest>
    <UnitTest name="TextBoxOneWayUnbindTest" storage="d:\documents and settings\shiless\my documents\binding framework\bindingframework\frameworktests\bin\debug\frameworktests.dll" id="8a58399e-adf6-e999-fc46-77c857cf1911">
      <Css projectStructure="" iteration="" />
      <Owners>
        <Owner name="" />
      </Owners>
      <TestMethod codeBase="D:\Documents and Settings\shiless\My Documents\Binding Framework\BindingFramework\FrameworkTests\bin\Debug\FrameworkTests.dll" adapterTypeName="Microsoft.VisualStudio.TestTools.TestTypes.Unit.UnitTestAdapter, Microsoft.VisualStudio.QualityTools.Tips.UnitTest.Adapter, Version=9.0.0.0, Culture=neutral, PublicKeyToken=b03f5f7f11d50a3a" className="BinderTests.BinderBaseUnbindTests, FrameworkTests" name="TextBoxOneWayUnbindTest" />
    </UnitTest>
    <UnitTest name="SimplePathStorageTest" storage="d:\documents and settings\shiless\my documents\binding framework\bindingframework\frameworktests\bin\debug\frameworktests.dll" id="956f849c-4cd1-2d9a-3aed-76e30d8ae2c5">
      <Css projectStructure="" iteration="" />
      <Owners>
        <Owner name="" />
      </Owners>
      <TestMethod codeBase="D:\Documents and Settings\shiless\My Documents\Binding Framework\BindingFramework\FrameworkTests\bin\Debug\FrameworkTests.dll" adapterTypeName="Microsoft.VisualStudio.TestTools.TestTypes.Unit.UnitTestAdapter, Microsoft.VisualStudio.QualityTools.Tips.UnitTest.Adapter, Version=9.0.0.0, Culture=neutral, PublicKeyToken=b03f5f7f11d50a3a" className="BinderTests.BindingPathTests, FrameworkTests" name="SimplePathStorageTest" />
    </UnitTest>
    <UnitTest name="NestedRelativePathTest" storage="d:\documents and settings\shiless\my documents\binding framework\bindingframework\frameworktests\bin\debug\frameworktests.dll" id="827503b3-8da4-a818-ae95-4fa970a521a7">
      <Css projectStructure="" iteration="" />
      <Owners>
        <Owner name="" />
      </Owners>
      <TestMethod codeBase="D:\Documents and Settings\shiless\My Documents\Binding Framework\BindingFramework\FrameworkTests\bin\Debug\FrameworkTests.dll" adapterTypeName="Microsoft.VisualStudio.TestTools.TestTypes.Unit.UnitTestAdapter, Microsoft.VisualStudio.QualityTools.Tips.UnitTest.Adapter, Version=9.0.0.0, Culture=neutral, PublicKeyToken=b03f5f7f11d50a3a" className="BinderTests.BindingPathTests, FrameworkTests" name="NestedRelativePathTest" />
    </UnitTest>
    <UnitTest name="SimplePathTargetResolutionTest" storage="d:\documents and settings\shiless\my documents\binding framework\bindingframework\frameworktests\bin\debug\frameworktests.dll" id="55b85cba-cdc6-fb80-a2c3-de9ed863ea72">
      <Css projectStructure="" iteration="" />
      <Owners>
        <Owner name="" />
      </Owners>
      <TestMethod codeBase="D:\Documents and Settings\shiless\My Documents\Binding Framework\BindingFramework\FrameworkTests\bin\Debug\FrameworkTests.dll" adapterTypeName="Microsoft.VisualStudio.TestTools.TestTypes.Unit.UnitTestAdapter, Microsoft.VisualStudio.QualityTools.Tips.UnitTest.Adapter, Version=9.0.0.0, Culture=neutral, PublicKeyToken=b03f5f7f11d50a3a" className="BinderTests.BindingPathTests, FrameworkTests" name="SimplePathTargetResolutionTest" />
    </UnitTest>
    <UnitTest name="TextBoxUnbindTest" storage="d:\documents and settings\shiless\my documents\binding framework\bindingframework\frameworktests\bin\debug\frameworktests.dll" id="2e081084-c722-441f-888e-acc572e80418">
      <Css projectStructure="" iteration="" />
      <Owners>
        <Owner name="" />
      </Owners>
      <TestMethod codeBase="D:\Documents and Settings\shiless\My Documents\Binding Framework\BindingFramework\FrameworkTests\bin\Debug\FrameworkTests.dll" adapterTypeName="Microsoft.VisualStudio.TestTools.TestTypes.Unit.UnitTestAdapter, Microsoft.VisualStudio.QualityTools.Tips.UnitTest.Adapter, Version=9.0.0.0, Culture=neutral, PublicKeyToken=b03f5f7f11d50a3a" className="BinderTests.BinderBaseUnbindTests, FrameworkTests" name="TextBoxUnbindTest" />
    </UnitTest>
    <UnitTest name="VerifyRepeaterProgrammaticBindCreatesCorrectBindingObject" storage="d:\documents and settings\shiless\my documents\binding framework\bindingframework\frameworktests\bin\debug\frameworktests.dll" id="2457011b-8c55-eda8-6d9f-8811db06fd90">
      <Css projectStructure="" iteration="" />
      <Owners>
        <Owner name="" />
      </Owners>
      <TestMethod codeBase="D:\Documents and Settings\shiless\My Documents\Binding Framework\BindingFramework\FrameworkTests\bin\Debug\FrameworkTests.dll" adapterTypeName="Microsoft.VisualStudio.TestTools.TestTypes.Unit.UnitTestAdapter, Microsoft.VisualStudio.QualityTools.Tips.UnitTest.Adapter, Version=9.0.0.0, Culture=neutral, PublicKeyToken=b03f5f7f11d50a3a" className="BinderTests.BinderBaseBindTests, FrameworkTests" name="VerifyRepeaterProgrammaticBindCreatesCorrectBindingObject" />
    </UnitTest>
    <UnitTest name="NestedCollectionAbsolutePathTest" storage="d:\documents and settings\shiless\my documents\binding framework\bindingframework\frameworktests\bin\debug\frameworktests.dll" id="fcd3a7c5-f580-aa2b-ddb9-82096a75d787">
      <Css projectStructure="" iteration="" />
      <Owners>
        <Owner name="" />
      </Owners>
      <TestMethod codeBase="D:\Documents and Settings\shiless\My Documents\Binding Framework\BindingFramework\FrameworkTests\bin\Debug\FrameworkTests.dll" adapterTypeName="Microsoft.VisualStudio.TestTools.TestTypes.Unit.UnitTestAdapter, Microsoft.VisualStudio.QualityTools.Tips.UnitTest.Adapter, Version=9.0.0.0, Culture=neutral, PublicKeyToken=b03f5f7f11d50a3a" className="BinderTests.BindingPathTests, FrameworkTests" name="NestedCollectionAbsolutePathTest" />
    </UnitTest>
    <UnitTest name="SimplePathSourceResolutionTest" storage="d:\documents and settings\shiless\my documents\binding framework\bindingframework\frameworktests\bin\debug\frameworktests.dll" id="1f3f1fc1-124e-3cd3-47c8-1e2b20c95bb6">
      <Css projectStructure="" iteration="" />
      <Owners>
        <Owner name="" />
      </Owners>
      <TestMethod codeBase="D:\Documents and Settings\shiless\My Documents\Binding Framework\BindingFramework\FrameworkTests\bin\Debug\FrameworkTests.dll" adapterTypeName="Microsoft.VisualStudio.TestTools.TestTypes.Unit.UnitTestAdapter, Microsoft.VisualStudio.QualityTools.Tips.UnitTest.Adapter, Version=9.0.0.0, Culture=neutral, PublicKeyToken=b03f5f7f11d50a3a" className="BinderTests.BindingPathTests, FrameworkTests" name="SimplePathSourceResolutionTest" />
    </UnitTest>
    <UnitTest name="ExplicitAuthorityLastAuthorativeFlagWinsTest" storage="d:\documents and settings\shiless\my documents\binding framework\bindingframework\frameworktests\bin\debug\frameworktests.dll" id="78a13f87-a080-5648-2cf3-6293bde6ec22">
      <Css projectStructure="" iteration="" />
      <Owners>
        <Owner name="" />
      </Owners>
      <TestMethod codeBase="D:\Documents and Settings\shiless\My Documents\Binding Framework\BindingFramework\FrameworkTests\bin\Debug\FrameworkTests.dll" adapterTypeName="Microsoft.VisualStudio.TestTools.TestTypes.Unit.UnitTestAdapter, Microsoft.VisualStudio.QualityTools.Tips.UnitTest.Adapter, Version=9.0.0.0, Culture=neutral, PublicKeyToken=b03f5f7f11d50a3a" className="BinderTests.BinderBaseUnbindTests, FrameworkTests" name="ExplicitAuthorityLastAuthorativeFlagWinsTest" />
    </UnitTest>
    <UnitTest name="IndexedPathStorageTest" storage="d:\documents and settings\shiless\my documents\binding framework\bindingframework\frameworktests\bin\debug\frameworktests.dll" id="58ee54d4-a195-3843-b6a7-6bb64ef8831f">
      <Css projectStructure="" iteration="" />
      <Owners>
        <Owner name="" />
      </Owners>
      <TestMethod codeBase="D:\Documents and Settings\shiless\My Documents\Binding Framework\BindingFramework\FrameworkTests\bin\Debug\FrameworkTests.dll" adapterTypeName="Microsoft.VisualStudio.TestTools.TestTypes.Unit.UnitTestAdapter, Microsoft.VisualStudio.QualityTools.Tips.UnitTest.Adapter, Version=9.0.0.0, Culture=neutral, PublicKeyToken=b03f5f7f11d50a3a" className="BinderTests.BindingPathTests, FrameworkTests" name="IndexedPathStorageTest" />
    </UnitTest>
  </TestDefinitions>
  <TestLists>
    <TestList name="Results Not in a List" id="8c84fa94-04c1-424b-9868-57a2d4851a1d" />
    <TestList name="All Loaded Results" id="19431567-8539-422a-85d7-44ee4e166bda" />
  </TestLists>
  <TestEntries>
    <TestEntry testId="2457011b-8c55-eda8-6d9f-8811db06fd90" executionId="88518e9a-d6e8-4d02-8157-0b10c1dfdccd" testListId="8c84fa94-04c1-424b-9868-57a2d4851a1d" />
    <TestEntry testId="fedc116c-552f-c977-989e-8545d6a52623" executionId="94d0b542-6b80-466a-8e52-83d9df75b927" testListId="8c84fa94-04c1-424b-9868-57a2d4851a1d" />
    <TestEntry testId="b93cf5e8-cb14-8165-6d00-dc6c238d51e6" executionId="754b8897-0601-44d9-8458-1939dc1e529a" testListId="8c84fa94-04c1-424b-9868-57a2d4851a1d" />
    <TestEntry testId="40942389-b82b-418b-0a5c-0a6377319b90" executionId="f2428d51-8b79-4f12-aaf1-43f53eebf2bc" testListId="8c84fa94-04c1-424b-9868-57a2d4851a1d" />
    <TestEntry testId="2e081084-c722-441f-888e-acc572e80418" executionId="76293c09-754e-4c06-b533-1ffcb7ec887e" testListId="8c84fa94-04c1-424b-9868-57a2d4851a1d" />
    <TestEntry testId="8a58399e-adf6-e999-fc46-77c857cf1911" executionId="2421e3f6-6b3f-4760-901d-91f9ebf88602" testListId="8c84fa94-04c1-424b-9868-57a2d4851a1d" />
    <TestEntry testId="7ddd65ff-b5d5-b573-027b-c8a8bc9db9f2" executionId="1d2ec8eb-a43a-4ed8-8a61-74595ae078df" testListId="8c84fa94-04c1-424b-9868-57a2d4851a1d" />
    <TestEntry testId="016ef5fd-2cab-5eba-5891-aee888b10369" executionId="12c5dc4a-3ac2-4ae0-a48f-43ef21df1efa" testListId="8c84fa94-04c1-424b-9868-57a2d4851a1d" />
    <TestEntry testId="78a13f87-a080-5648-2cf3-6293bde6ec22" executionId="e3ec84a8-7489-48c8-bc6a-ca589b380faa" testListId="8c84fa94-04c1-424b-9868-57a2d4851a1d" />
    <TestEntry testId="e676d73e-7761-b947-62de-81a1f4a950fa" executionId="6f0ecb14-36a3-4751-af94-e0f9b9ea57c0" testListId="8c84fa94-04c1-424b-9868-57a2d4851a1d" />
    <TestEntry testId="ebdb73ed-ade3-2a15-763a-2451dfefc938" executionId="c450a12e-5dce-436b-8302-8de75868b419" testListId="8c84fa94-04c1-424b-9868-57a2d4851a1d" />
    <TestEntry testId="956f849c-4cd1-2d9a-3aed-76e30d8ae2c5" executionId="90cef66d-31a0-4543-a36b-285a620632cd" testListId="8c84fa94-04c1-424b-9868-57a2d4851a1d" />
    <TestEntry testId="1f3f1fc1-124e-3cd3-47c8-1e2b20c95bb6" executionId="e4ba9b14-3846-441e-bf23-1c785ec280eb" testListId="8c84fa94-04c1-424b-9868-57a2d4851a1d" />
    <TestEntry testId="58ee54d4-a195-3843-b6a7-6bb64ef8831f" executionId="572f0ace-0b2e-428b-9e56-09b3a5bded7c" testListId="8c84fa94-04c1-424b-9868-57a2d4851a1d" />
    <TestEntry testId="99fb07f7-55bf-f7e4-7a96-48e36a5c2ad7" executionId="39761f11-d98b-471a-95c2-7931392210fe" testListId="8c84fa94-04c1-424b-9868-57a2d4851a1d" />
    <TestEntry testId="55b85cba-cdc6-fb80-a2c3-de9ed863ea72" executionId="85a2af55-32ca-4d4f-9300-28d7939f847c" testListId="8c84fa94-04c1-424b-9868-57a2d4851a1d" />
    <TestEntry testId="827503b3-8da4-a818-ae95-4fa970a521a7" executionId="f36936d0-41df-4421-bf87-44724e1eb288" testListId="8c84fa94-04c1-424b-9868-57a2d4851a1d" />
    <TestEntry testId="bf4bd52d-ee45-124b-ffdc-23ceefc77bc4" executionId="e7b7b358-bf85-43de-b8f8-b3382d975054" testListId="8c84fa94-04c1-424b-9868-57a2d4851a1d" />
    <TestEntry testId="efbb38b3-e1cb-c476-63a6-499bcb1a2414" executionId="7e3b46c9-0e0e-4a61-9674-14d41f30789b" testListId="8c84fa94-04c1-424b-9868-57a2d4851a1d" />
    <TestEntry testId="fcd3a7c5-f580-aa2b-ddb9-82096a75d787" executionId="adb1f61d-c8b0-48c3-99b3-1ce1eb757c2b" testListId="8c84fa94-04c1-424b-9868-57a2d4851a1d" />
    <TestEntry testId="4e684b37-0405-d140-9865-f8fc3ca26985" executionId="23bbb900-7d49-4c5f-b5a2-3b088c6cc49f" testListId="8c84fa94-04c1-424b-9868-57a2d4851a1d" />
  </TestEntries>
  <Results>
    <UnitTestResult executionId="88518e9a-d6e8-4d02-8157-0b10c1dfdccd" testId="2457011b-8c55-eda8-6d9f-8811db06fd90" testName="VerifyRepeaterProgrammaticBindCreatesCorrectBindingObject" computerName="FANZ-FAL099329" duration="00:00:00" startTime="0001-01-01T09:30:00.0000000+09:30" endTime="0001-01-01T09:30:00.0000000+09:30" testType="13cdc9d9-ddb5-4fa4-a97d-d965ccfc6d4b" outcome="NotExecuted" testListId="8c84fa94-04c1-424b-9868-57a2d4851a1d">
    </UnitTestResult>
    <UnitTestResult executionId="94d0b542-6b80-466a-8e52-83d9df75b927" testId="fedc116c-552f-c977-989e-8545d6a52623" testName="VerifyTextboxTextProgrammaticBindCreatesCorrectBindingObject" computerName="FANZ-FAL099329" duration="00:00:00" startTime="0001-01-01T09:30:00.0000000+09:30" endTime="0001-01-01T09:30:00.0000000+09:30" testType="13cdc9d9-ddb5-4fa4-a97d-d965ccfc6d4b" outcome="NotExecuted" testListId="8c84fa94-04c1-424b-9868-57a2d4851a1d">
    </UnitTestResult>
    <UnitTestResult executionId="754b8897-0601-44d9-8458-1939dc1e529a" testId="b93cf5e8-cb14-8165-6d00-dc6c238d51e6" testName="VerifyTextboxTextProgrammaticBindReturnsCorrectValue" computerName="FANZ-FAL099329" duration="00:00:00" startTime="0001-01-01T09:30:00.0000000+09:30" endTime="0001-01-01T09:30:00.0000000+09:30" testType="13cdc9d9-ddb5-4fa4-a97d-d965ccfc6d4b" outcome="NotExecuted" testListId="8c84fa94-04c1-424b-9868-57a2d4851a1d">
    </UnitTestResult>
    <UnitTestResult executionId="f2428d51-8b79-4f12-aaf1-43f53eebf2bc" testId="40942389-b82b-418b-0a5c-0a6377319b90" testName="VerifyTextboxInRepeaterProgrammaticBindReturnsCorrectValue" computerName="FANZ-FAL099329" duration="00:00:00" startTime="0001-01-01T09:30:00.0000000+09:30" endTime="0001-01-01T09:30:00.0000000+09:30" testType="13cdc9d9-ddb5-4fa4-a97d-d965ccfc6d4b" outcome="NotExecuted" testListId="8c84fa94-04c1-424b-9868-57a2d4851a1d">
    </UnitTestResult>
    <UnitTestResult executionId="76293c09-754e-4c06-b533-1ffcb7ec887e" testId="2e081084-c722-441f-888e-acc572e80418" testName="TextBoxUnbindTest" computerName="FANZ-FAL099329" duration="00:00:00" startTime="0001-01-01T09:30:00.0000000+09:30" endTime="0001-01-01T09:30:00.0000000+09:30" testType="13cdc9d9-ddb5-4fa4-a97d-d965ccfc6d4b" outcome="NotExecuted" testListId="8c84fa94-04c1-424b-9868-57a2d4851a1d">
    </UnitTestResult>
    <UnitTestResult executionId="2421e3f6-6b3f-4760-901d-91f9ebf88602" testId="8a58399e-adf6-e999-fc46-77c857cf1911" testName="TextBoxOneWayUnbindTest" computerName="FANZ-FAL099329" duration="00:00:00" startTime="0001-01-01T09:30:00.0000000+09:30" endTime="0001-01-01T09:30:00.0000000+09:30" testType="13cdc9d9-ddb5-4fa4-a97d-d965ccfc6d4b" outcome="NotExecuted" testListId="8c84fa94-04c1-424b-9868-57a2d4851a1d">
    </UnitTestResult>
    <UnitTestResult executionId="1d2ec8eb-a43a-4ed8-8a61-74595ae078df" testId="7ddd65ff-b5d5-b573-027b-c8a8bc9db9f2" testName="DefaultAuthorityIsLastBindingTest" computerName="FANZ-FAL099329" duration="00:00:00" startTime="0001-01-01T09:30:00.0000000+09:30" endTime="0001-01-01T09:30:00.0000000+09:30" testType="13cdc9d9-ddb5-4fa4-a97d-d965ccfc6d4b" outcome="NotExecuted" testListId="8c84fa94-04c1-424b-9868-57a2d4851a1d">
    </UnitTestResult>
    <UnitTestResult executionId="12c5dc4a-3ac2-4ae0-a48f-43ef21df1efa" testId="016ef5fd-2cab-5eba-5891-aee888b10369" testName="ExplicitAuthorityTest" computerName="FANZ-FAL099329" duration="00:00:00" startTime="0001-01-01T09:30:00.0000000+09:30" endTime="0001-01-01T09:30:00.0000000+09:30" testType="13cdc9d9-ddb5-4fa4-a97d-d965ccfc6d4b" outcome="NotExecuted" testListId="8c84fa94-04c1-424b-9868-57a2d4851a1d">
    </UnitTestResult>
    <UnitTestResult executionId="e3ec84a8-7489-48c8-bc6a-ca589b380faa" testId="78a13f87-a080-5648-2cf3-6293bde6ec22" testName="ExplicitAuthorityLastAuthorativeFlagWinsTest" computerName="FANZ-FAL099329" duration="00:00:00" startTime="0001-01-01T09:30:00.0000000+09:30" endTime="0001-01-01T09:30:00.0000000+09:30" testType="13cdc9d9-ddb5-4fa4-a97d-d965ccfc6d4b" outcome="NotExecuted" testListId="8c84fa94-04c1-424b-9868-57a2d4851a1d">
    </UnitTestResult>
    <UnitTestResult executionId="6f0ecb14-36a3-4751-af94-e0f9b9ea57c0" testId="e676d73e-7761-b947-62de-81a1f4a950fa" testName="CollectionTwoWayTest" computerName="FANZ-FAL099329" duration="00:00:00" startTime="0001-01-01T09:30:00.0000000+09:30" endTime="0001-01-01T09:30:00.0000000+09:30" testType="13cdc9d9-ddb5-4fa4-a97d-d965ccfc6d4b" outcome="NotExecuted" testListId="8c84fa94-04c1-424b-9868-57a2d4851a1d">
    </UnitTestResult>
    <UnitTestResult executionId="c450a12e-5dce-436b-8302-8de75868b419" testId="ebdb73ed-ade3-2a15-763a-2451dfefc938" testName="CollectionOneWayTest" computerName="FANZ-FAL099329" duration="00:00:00" startTime="0001-01-01T09:30:00.0000000+09:30" endTime="0001-01-01T09:30:00.0000000+09:30" testType="13cdc9d9-ddb5-4fa4-a97d-d965ccfc6d4b" outcome="NotExecuted" testListId="8c84fa94-04c1-424b-9868-57a2d4851a1d">
    </UnitTestResult>
    <UnitTestResult executionId="90cef66d-31a0-4543-a36b-285a620632cd" testId="956f849c-4cd1-2d9a-3aed-76e30d8ae2c5" testName="SimplePathStorageTest" computerName="FANZ-FAL099329" duration="00:00:00" startTime="0001-01-01T09:30:00.0000000+09:30" endTime="0001-01-01T09:30:00.0000000+09:30" testType="13cdc9d9-ddb5-4fa4-a97d-d965ccfc6d4b" outcome="NotExecuted" testListId="8c84fa94-04c1-424b-9868-57a2d4851a1d">
    </UnitTestResult>
    <UnitTestResult executionId="e4ba9b14-3846-441e-bf23-1c785ec280eb" testId="1f3f1fc1-124e-3cd3-47c8-1e2b20c95bb6" testName="SimplePathSourceResolutionTest" computerName="FANZ-FAL099329" duration="00:00:00" startTime="0001-01-01T09:30:00.0000000+09:30" endTime="0001-01-01T09:30:00.0000000+09:30" testType="13cdc9d9-ddb5-4fa4-a97d-d965ccfc6d4b" outcome="NotExecuted" testListId="8c84fa94-04c1-424b-9868-57a2d4851a1d">
    </UnitTestResult>
    <UnitTestResult executionId="572f0ace-0b2e-428b-9e56-09b3a5bded7c" testId="58ee54d4-a195-3843-b6a7-6bb64ef8831f" testName="IndexedPathStorageTest" computerName="FANZ-FAL099329" duration="00:00:00" startTime="0001-01-01T09:30:00.0000000+09:30" endTime="0001-01-01T09:30:00.0000000+09:30" testType="13cdc9d9-ddb5-4fa4-a97d-d965ccfc6d4b" outcome="NotExecuted" testListId="8c84fa94-04c1-424b-9868-57a2d4851a1d">
    </UnitTestResult>
    <UnitTestResult executionId="39761f11-d98b-471a-95c2-7931392210fe" testId="99fb07f7-55bf-f7e4-7a96-48e36a5c2ad7" testName="IndexedPathSourceResolutionTest" computerName="FANZ-FAL099329" duration="00:00:00" startTime="0001-01-01T09:30:00.0000000+09:30" endTime="0001-01-01T09:30:00.0000000+09:30" testType="13cdc9d9-ddb5-4fa4-a97d-d965ccfc6d4b" outcome="NotExecuted" testListId="8c84fa94-04c1-424b-9868-57a2d4851a1d">
    </UnitTestResult>
    <UnitTestResult executionId="85a2af55-32ca-4d4f-9300-28d7939f847c" testId="55b85cba-cdc6-fb80-a2c3-de9ed863ea72" testName="SimplePathTargetResolutionTest" computerName="FANZ-FAL099329" duration="00:00:00" startTime="0001-01-01T09:30:00.0000000+09:30" endTime="0001-01-01T09:30:00.0000000+09:30" testType="13cdc9d9-ddb5-4fa4-a97d-d965ccfc6d4b" outcome="NotExecuted" testListId="8c84fa94-04c1-424b-9868-57a2d4851a1d">
    </UnitTestResult>
    <UnitTestResult executionId="f36936d0-41df-4421-bf87-44724e1eb288" testId="827503b3-8da4-a818-ae95-4fa970a521a7" testName="NestedRelativePathTest" computerName="FANZ-FAL099329" duration="00:00:00" startTime="0001-01-01T09:30:00.0000000+09:30" endTime="0001-01-01T09:30:00.0000000+09:30" testType="13cdc9d9-ddb5-4fa4-a97d-d965ccfc6d4b" outcome="NotExecuted" testListId="8c84fa94-04c1-424b-9868-57a2d4851a1d">
    </UnitTestResult>
    <UnitTestResult executionId="e7b7b358-bf85-43de-b8f8-b3382d975054" testId="bf4bd52d-ee45-124b-ffdc-23ceefc77bc4" testName="NestedCollectionRelativePathTest" computerName="FANZ-FAL099329" duration="00:00:00" startTime="0001-01-01T09:30:00.0000000+09:30" endTime="0001-01-01T09:30:00.0000000+09:30" testType="13cdc9d9-ddb5-4fa4-a97d-d965ccfc6d4b" outcome="NotExecuted" testListId="8c84fa94-04c1-424b-9868-57a2d4851a1d">
    </UnitTestResult>
    <UnitTestResult executionId="7e3b46c9-0e0e-4a61-9674-14d41f30789b" testId="efbb38b3-e1cb-c476-63a6-499bcb1a2414" testName="NestedAbsolutePathTest" computerName="FANZ-FAL099329" duration="00:00:00" startTime="0001-01-01T09:30:00.0000000+09:30" endTime="0001-01-01T09:30:00.0000000+09:30" testType="13cdc9d9-ddb5-4fa4-a97d-d965ccfc6d4b" outcome="NotExecuted" testListId="8c84fa94-04c1-424b-9868-57a2d4851a1d">
    </UnitTestResult>
    <UnitTestResult executionId="adb1f61d-c8b0-48c3-99b3-1ce1eb757c2b" testId="fcd3a7c5-f580-aa2b-ddb9-82096a75d787" testName="NestedCollectionAbsolutePathTest" computerName="FANZ-FAL099329" duration="00:00:00" startTime="0001-01-01T09:30:00.0000000+09:30" endTime="0001-01-01T09:30:00.0000000+09:30" testType="13cdc9d9-ddb5-4fa4-a97d-d965ccfc6d4b" outcome="NotExecuted" testListId="8c84fa94-04c1-424b-9868-57a2d4851a1d">
    </UnitTestResult>
    <UnitTestResult executionId="23bbb900-7d49-4c5f-b5a2-3b088c6cc49f" testId="4e684b37-0405-d140-9865-f8fc3ca26985" testName="ContextIsConsistentBetweenGetsTest" computerName="FANZ-FAL099329" duration="00:00:00" startTime="0001-01-01T09:30:00.0000000+09:30" endTime="0001-01-01T09:30:00.0000000+09:30" testType="13cdc9d9-ddb5-4fa4-a97d-d965ccfc6d4b" outcome="NotExecuted" testListId="8c84fa94-04c1-424b-9868-57a2d4851a1d">
    </UnitTestResult>
  </Results>
</TestRun>