<?xml version="1.0" encoding="UTF-8"?>
<TestRun id="bbde5786-ba83-4e47-98ca-3c21f86973a9" name="shiless@FANZ-FAL099329 2011-01-12 15:08:02" runUser="FAL\shiless" xmlns="http://microsoft.com/schemas/VisualStudio/TeamTest/2006">
  <TestRunConfiguration name="Local Test Run" id="20e65539-8756-4fda-a223-697f3684f4d4">
    <Description>This is a default test run configuration for a local test run.</Description>
    <Deployment runDeploymentRoot="D:\Documents and Settings\shiless\My Documents\Binding Framework\BindingFramework\TestResults\shiless_FANZ-FAL099329 2011-01-12 15_08_02">
      <DeploymentItem filename="D:\Documents and Settings\shiless\My Documents\Binding Framework\BindingFramework\Binding\bin\Debug\Binding.dll" />
      <DeploymentItem filename="D:\Documents and Settings\shiless\My Documents\Binding Framework\BindingFramework\BinderTests\bin\Debug\Rhino.Mocks.dll" />
      <DeploymentItem filename="D:\Documents and Settings\shiless\My Documents\Binding Framework\BindingFramework\BinderTests\bin\Debug\ASPBinding.dll" />
    </Deployment>
    <TestTypeSpecific />
  </TestRunConfiguration>
  <ResultSummary outcome="Error">
    <Counters total="21" error="0" failed="0" timeout="0" aborted="0" inconclusive="0" passedButRunAborted="0" notRunnable="0" notExecuted="21" disconnected="0" warning="0" passed="0" completed="0" inProgress="0" pending="0" />
    <RunInfos>
      <RunInfo computerName="FANZ-FAL099329" outcome="Error" timestamp="2011-01-12T15:08:03.7477506+09:30">
        <Text>Failed to queue test run 'shiless@FANZ-FAL099329 2011-01-12 15:08:02': Test Run deployment issue: The location of the file or directory 'D:\Documents and Settings\shiless\My Documents\Binding Framework\BindingFramework\BinderTests\bin\Debug\Rhino.Mocks.dll' is not trusted.</Text>
        <Exception>Microsoft.VisualStudio.TestTools.TestManagement.ExecutionException: Test Run deployment issue: The location of the file or directory 'D:\Documents and Settings\shiless\My Documents\Binding Framework\BindingFramework\BinderTests\bin\Debug\Rhino.Mocks.dll' is not trusted.
   at Microsoft.VisualStudio.TestTools.TestManagement.DeploymentManager.DoDeployment(TestRun run, FileCopyService fileCopyService)
   at Microsoft.VisualStudio.TestTools.TestManagement.ControllerProxy.SetupTestRun(TestRun run, Boolean isNewTestRun, FileCopyService&amp; fileCopyService)
   at Microsoft.VisualStudio.TestTools.TestManagement.ControllerProxy.QueueTestRunWorker(Object state)</Exception>
      </RunInfo>
    </RunInfos>
  </ResultSummary>
  <Times creation="2011-01-12T15:08:02.9039088+09:30" queuing="2011-01-12T15:08:02.9039088+09:30" start="2011-01-12T15:08:02.9039088+09:30" finish="2011-01-12T15:08:03.7477506+09:30" />
  <TestDefinitions>
    <UnitTest name="ExplicitAuthorityTest" storage="d:\documents and settings\shiless\my documents\binding framework\bindingframework\frameworktests\bin\debug\frameworktests.dll" id="016ef5fd-2cab-5eba-5891-aee888b10369">
      <Css projectStructure="" iteration="" />
      <Owners>
        <Owner name="" />
      </Owners>
      <TestMethod codeBase="D:\Documents and Settings\shiless\My Documents\Binding Framework\BindingFramework\FrameworkTests\bin\Debug\FrameworkTests.dll" adapterTypeName="Microsoft.VisualStudio.TestTools.TestTypes.Unit.UnitTestAdapter, Microsoft.VisualStudio.QualityTools.Tips.UnitTest.Adapter, Version=9.0.0.0, Culture=neutral, PublicKeyToken=b03f5f7f11d50a3a" className="BinderTests.BinderBaseUnbindTests, FrameworkTests" name="ExplicitAuthorityTest" />
    </UnitTest>
    <UnitTest name="CollectionTwoWayTest" storage="d:\documents and settings\shiless\my documents\binding framework\bindingframework\frameworktests\bin\debug\frameworktests.dll" id="e676d73e-7761-b947-62de-81a1f4a950fa">
      <Css projectStructure="" iteration="" />
      <Owners>
        <Owner name="" />
      </Owners>
      <TestMethod codeBase="D:\Documents and Settings\shiless\My Documents\Binding Framework\BindingFramework\FrameworkTests\bin\Debug\FrameworkTests.dll" adapterTypeName="Microsoft.VisualStudio.TestTools.TestTypes.Unit.UnitTestAdapter, Microsoft.VisualStudio.QualityTools.Tips.UnitTest.Adapter, Version=9.0.0.0, Culture=neutral, PublicKeyToken=b03f5f7f11d50a3a" className="BinderTests.BinderBaseUnbindTests, FrameworkTests" name="CollectionTwoWayTest" />
    </UnitTest>
    <UnitTest name="VerifyTextboxInRepeaterProgrammaticBindReturnsCorrectValue" storage="d:\documents and settings\shiless\my documents\binding framework\bindingframework\frameworktests\bin\debug\frameworktests.dll" id="40942389-b82b-418b-0a5c-0a6377319b90">
      <Css projectStructure="" iteration="" />
      <Owners>
        <Owner name="" />
      </Owners>
      <TestMethod codeBase="D:\Documents and Settings\shiless\My Documents\Binding Framework\BindingFramework\FrameworkTests\bin\Debug\FrameworkTests.dll" adapterTypeName="Microsoft.VisualStudio.TestTools.TestTypes.Unit.UnitTestAdapter, Microsoft.VisualStudio.QualityTools.Tips.UnitTest.Adapter, Version=9.0.0.0, Culture=neutral, PublicKeyToken=b03f5f7f11d50a3a" className="BinderTests.BinderBaseBindTests, FrameworkTests" name="VerifyTextboxInRepeaterProgrammaticBindReturnsCorrectValue" />
    </UnitTest>
    <UnitTest name="ContextIsConsistentBetweenGetsTest" storage="d:\documents and settings\shiless\my documents\binding framework\bindingframework\frameworktests\bin\debug\frameworktests.dll" id="4e684b37-0405-d140-9865-f8fc3ca26985">
      <Css projectStructure="" iteration="" />
      <Owners>
        <Owner name="" />
      </Owners>
      <TestMethod codeBase="D:\Documents and Settings\shiless\My Documents\Binding Framework\BindingFramework\FrameworkTests\bin\Debug\FrameworkTests.dll" adapterTypeName="Microsoft.VisualStudio.TestTools.TestTypes.Unit.UnitTestAdapter, Microsoft.VisualStudio.QualityTools.Tips.UnitTest.Adapter, Version=9.0.0.0, Culture=neutral, PublicKeyToken=b03f5f7f11d50a3a" className="BinderTests.ContextRetrievalTests, FrameworkTests" name="ContextIsConsistentBetweenGetsTest" />
    </UnitTest>
    <UnitTest name="VerifyTextboxTextProgrammaticBindCreatesCorrectBindingObject" storage="d:\documents and settings\shiless\my documents\binding framework\bindingframework\frameworktests\bin\debug\frameworktests.dll" id="fedc116c-552f-c977-989e-8545d6a52623">
      <Css projectStructure="" iteration="" />
      <Owners>
        <Owner name="" />
      </Owners>
      <TestMethod codeBase="D:\Documents and Settings\shiless\My Documents\Binding Framework\BindingFramework\FrameworkTests\bin\Debug\FrameworkTests.dll" adapterTypeName="Microsoft.VisualStudio.TestTools.TestTypes.Unit.UnitTestAdapter, Microsoft.VisualStudio.QualityTools.Tips.UnitTest.Adapter, Version=9.0.0.0, Culture=neutral, PublicKeyToken=b03f5f7f11d50a3a" className="BinderTests.BinderBaseBindTests, FrameworkTests" name="VerifyTextboxTextProgrammaticBindCreatesCorrectBindingObject" />
    </UnitTest>
    <UnitTest name="DefaultAuthorityIsLastBindingTest" storage="d:\documents and settings\shiless\my documents\binding framework\bindingframework\frameworktests\bin\debug\frameworktests.dll" id="7ddd65ff-b5d5-b573-027b-c8a8bc9db9f2">
      <Css projectStructure="" iteration="" />
      <Owners>
        <Owner name="" />
      </Owners>
      <TestMethod codeBase="D:\Documents and Settings\shiless\My Documents\Binding Framework\BindingFramework\FrameworkTests\bin\Debug\FrameworkTests.dll" adapterTypeName="Microsoft.VisualStudio.TestTools.TestTypes.Unit.UnitTestAdapter, Microsoft.VisualStudio.QualityTools.Tips.UnitTest.Adapter, Version=9.0.0.0, Culture=neutral, PublicKeyToken=b03f5f7f11d50a3a" className="BinderTests.BinderBaseUnbindTests, FrameworkTests" name="DefaultAuthorityIsLastBindingTest" />
    </UnitTest>
    <UnitTest name="IndexedPathSourceResolutionTest" storage="d:\documents and settings\shiless\my documents\binding framework\bindingframework\frameworktests\bin\debug\frameworktests.dll" id="99fb07f7-55bf-f7e4-7a96-48e36a5c2ad7">
      <Css projectStructure="" iteration="" />
      <Owners>
        <Owner name="" />
      </Owners>
      <TestMethod codeBase="D:\Documents and Settings\shiless\My Documents\Binding Framework\BindingFramework\FrameworkTests\bin\Debug\FrameworkTests.dll" adapterTypeName="Microsoft.VisualStudio.TestTools.TestTypes.Unit.UnitTestAdapter, Microsoft.VisualStudio.QualityTools.Tips.UnitTest.Adapter, Version=9.0.0.0, Culture=neutral, PublicKeyToken=b03f5f7f11d50a3a" className="BinderTests.BindingPathTests, FrameworkTests" name="IndexedPathSourceResolutionTest" />
    </UnitTest>
    <UnitTest name="NestedCollectionRelativePathTest" storage="d:\documents and settings\shiless\my documents\binding framework\bindingframework\frameworktests\bin\debug\frameworktests.dll" id="bf4bd52d-ee45-124b-ffdc-23ceefc77bc4">
      <Css projectStructure="" iteration="" />
      <Owners>
        <Owner name="" />
      </Owners>
      <TestMethod codeBase="D:\Documents and Settings\shiless\My Documents\Binding Framework\BindingFramework\FrameworkTests\bin\Debug\FrameworkTests.dll" adapterTypeName="Microsoft.VisualStudio.TestTools.TestTypes.Unit.UnitTestAdapter, Microsoft.VisualStudio.QualityTools.Tips.UnitTest.Adapter, Version=9.0.0.0, Culture=neutral, PublicKeyToken=b03f5f7f11d50a3a" className="BinderTests.BindingPathTests, FrameworkTests" name="NestedCollectionRelativePathTest" />
    </UnitTest>
    <UnitTest name="VerifyTextboxTextProgrammaticBindReturnsCorrectValue" storage="d:\documents and settings\shiless\my documents\binding framework\bindingframework\frameworktests\bin\debug\frameworktests.dll" id="b93cf5e8-cb14-8165-6d00-dc6c238d51e6">
      <Css projectStructure="" iteration="" />
      <Owners>
        <Owner name="" />
      </Owners>
      <TestMethod codeBase="D:\Documents and Settings\shiless\My Documents\Binding Framework\BindingFramework\FrameworkTests\bin\Debug\FrameworkTests.dll" adapterTypeName="Microsoft.VisualStudio.TestTools.TestTypes.Unit.UnitTestAdapter, Microsoft.VisualStudio.QualityTools.Tips.UnitTest.Adapter, Version=9.0.0.0, Culture=neutral, PublicKeyToken=b03f5f7f11d50a3a" className="BinderTests.BinderBaseBindTests, FrameworkTests" name="VerifyTextboxTextProgrammaticBindReturnsCorrectValue" />
    </UnitTest>
    <UnitTest name="NestedAbsolutePathTest" storage="d:\documents and settings\shiless\my documents\binding framework\bindingframework\frameworktests\bin\debug\frameworktests.dll" id="efbb38b3-e1cb-c476-63a6-499bcb1a2414">
      <Css projectStructure="" iteration="" />
      <Owners>
        <Owner name="" />
      </Owners>
      <TestMethod codeBase="D:\Documents and Settings\shiless\My Documents\Binding Framework\BindingFramework\FrameworkTests\bin\Debug\FrameworkTests.dll" adapterTypeName="Microsoft.VisualStudio.TestTools.TestTypes.Unit.UnitTestAdapter, Microsoft.VisualStudio.QualityTools.Tips.UnitTest.Adapter, Version=9.0.0.0, Culture=neutral, PublicKeyToken=b03f5f7f11d50a3a" className="BinderTests.BindingPathTests, FrameworkTests" name="NestedAbsolutePathTest" />
    </UnitTest>
    <UnitTest name="CollectionOneWayTest" storage="d:\documents and settings\shiless\my documents\binding framework\bindingframework\frameworktests\bin\debug\frameworktests.dll" id="ebdb73ed-ade3-2a15-763a-2451dfefc938">
      <Css projectStructure="" iteration="" />
      <Owners>
        <Owner name="" />
      </Owners>
      <TestMethod codeBase="D:\Documents and Settings\shiless\My Documents\Binding Framework\BindingFramework\FrameworkTests\bin\Debug\FrameworkTests.dll" adapterTypeName="Microsoft.VisualStudio.TestTools.TestTypes.Unit.UnitTestAdapter, Microsoft.VisualStudio.QualityTools.Tips.UnitTest.Adapter, Version=9.0.0.0, Culture=neutral, PublicKeyToken=b03f5f7f11d50a3a" className="BinderTests.BinderBaseUnbindTests, FrameworkTests" name="CollectionOneWayTest" />
    </UnitTest>
    <UnitTest name="TextBoxOneWayUnbindTest" storage="d:\documents and settings\shiless\my documents\binding framework\bindingframework\frameworktests\bin\debug\frameworktests.dll" id="8a58399e-adf6-e999-fc46-77c857cf1911">
      <Css projectStructure="" iteration="" />
      <Owners>
        <Owner name="" />
      </Owners>
      <TestMethod codeBase="D:\Documents and Settings\shiless\My Documents\Binding Framework\BindingFramework\FrameworkTests\bin\Debug\FrameworkTests.dll" adapterTypeName="Microsoft.VisualStudio.TestTools.TestTypes.Unit.UnitTestAdapter, Microsoft.VisualStudio.QualityTools.Tips.UnitTest.Adapter, Version=9.0.0.0, Culture=neutral, PublicKeyToken=b03f5f7f11d50a3a" className="BinderTests.BinderBaseUnbindTests, FrameworkTests" name="TextBoxOneWayUnbindTest" />
    </UnitTest>
    <UnitTest name="SimplePathStorageTest" storage="d:\documents and settings\shiless\my documents\binding framework\bindingframework\frameworktests\bin\debug\frameworktests.dll" id="956f849c-4cd1-2d9a-3aed-76e30d8ae2c5">
      <Css projectStructure="" iteration="" />
      <Owners>
        <Owner name="" />
      </Owners>
      <TestMethod codeBase="D:\Documents and Settings\shiless\My Documents\Binding Framework\BindingFramework\FrameworkTests\bin\Debug\FrameworkTests.dll" adapterTypeName="Microsoft.VisualStudio.TestTools.TestTypes.Unit.UnitTestAdapter, Microsoft.VisualStudio.QualityTools.Tips.UnitTest.Adapter, Version=9.0.0.0, Culture=neutral, PublicKeyToken=b03f5f7f11d50a3a" className="BinderTests.BindingPathTests, FrameworkTests" name="SimplePathStorageTest" />
    </UnitTest>
    <UnitTest name="NestedRelativePathTest" storage="d:\documents and settings\shiless\my documents\binding framework\bindingframework\frameworktests\bin\debug\frameworktests.dll" id="827503b3-8da4-a818-ae95-4fa970a521a7">
      <Css projectStructure="" iteration="" />
      <Owners>
        <Owner name="" />
      </Owners>
      <TestMethod codeBase="D:\Documents and Settings\shiless\My Documents\Binding Framework\BindingFramework\FrameworkTests\bin\Debug\FrameworkTests.dll" adapterTypeName="Microsoft.VisualStudio.TestTools.TestTypes.Unit.UnitTestAdapter, Microsoft.VisualStudio.QualityTools.Tips.UnitTest.Adapter, Version=9.0.0.0, Culture=neutral, PublicKeyToken=b03f5f7f11d50a3a" className="BinderTests.BindingPathTests, FrameworkTests" name="NestedRelativePathTest" />
    </UnitTest>
    <UnitTest name="SimplePathTargetResolutionTest" storage="d:\documents and settings\shiless\my documents\binding framework\bindingframework\frameworktests\bin\debug\frameworktests.dll" id="55b85cba-cdc6-fb80-a2c3-de9ed863ea72">
      <Css projectStructure="" iteration="" />
      <Owners>
        <Owner name="" />
      </Owners>
      <TestMethod codeBase="D:\Documents and Settings\shiless\My Documents\Binding Framework\BindingFramework\FrameworkTests\bin\Debug\FrameworkTests.dll" adapterTypeName="Microsoft.VisualStudio.TestTools.TestTypes.Unit.UnitTestAdapter, Microsoft.VisualStudio.QualityTools.Tips.UnitTest.Adapter, Version=9.0.0.0, Culture=neutral, PublicKeyToken=b03f5f7f11d50a3a" className="BinderTests.BindingPathTests, FrameworkTests" name="SimplePathTargetResolutionTest" />
    </UnitTest>
    <UnitTest name="TextBoxUnbindTest" storage="d:\documents and settings\shiless\my documents\binding framework\bindingframework\frameworktests\bin\debug\frameworktests.dll" id="2e081084-c722-441f-888e-acc572e80418">
      <Css projectStructure="" iteration="" />
      <Owners>
        <Owner name="" />
      </Owners>
      <TestMethod codeBase="D:\Documents and Settings\shiless\My Documents\Binding Framework\BindingFramework\FrameworkTests\bin\Debug\FrameworkTests.dll" adapterTypeName="Microsoft.VisualStudio.TestTools.TestTypes.Unit.UnitTestAdapter, Microsoft.VisualStudio.QualityTools.Tips.UnitTest.Adapter, Version=9.0.0.0, Culture=neutral, PublicKeyToken=b03f5f7f11d50a3a" className="BinderTests.BinderBaseUnbindTests, FrameworkTests" name="TextBoxUnbindTest" />
    </UnitTest>
    <UnitTest name="VerifyRepeaterProgrammaticBindCreatesCorrectBindingObject" storage="d:\documents and settings\shiless\my documents\binding framework\bindingframework\frameworktests\bin\debug\frameworktests.dll" id="2457011b-8c55-eda8-6d9f-8811db06fd90">
      <Css projectStructure="" iteration="" />
      <Owners>
        <Owner name="" />
      </Owners>
      <TestMethod codeBase="D:\Documents and Settings\shiless\My Documents\Binding Framework\BindingFramework\FrameworkTests\bin\Debug\FrameworkTests.dll" adapterTypeName="Microsoft.VisualStudio.TestTools.TestTypes.Unit.UnitTestAdapter, Microsoft.VisualStudio.QualityTools.Tips.UnitTest.Adapter, Version=9.0.0.0, Culture=neutral, PublicKeyToken=b03f5f7f11d50a3a" className="BinderTests.BinderBaseBindTests, FrameworkTests" name="VerifyRepeaterProgrammaticBindCreatesCorrectBindingObject" />
    </UnitTest>
    <UnitTest name="NestedCollectionAbsolutePathTest" storage="d:\documents and settings\shiless\my documents\binding framework\bindingframework\frameworktests\bin\debug\frameworktests.dll" id="fcd3a7c5-f580-aa2b-ddb9-82096a75d787">
      <Css projectStructure="" iteration="" />
      <Owners>
        <Owner name="" />
      </Owners>
      <TestMethod codeBase="D:\Documents and Settings\shiless\My Documents\Binding Framework\BindingFramework\FrameworkTests\bin\Debug\FrameworkTests.dll" adapterTypeName="Microsoft.VisualStudio.TestTools.TestTypes.Unit.UnitTestAdapter, Microsoft.VisualStudio.QualityTools.Tips.UnitTest.Adapter, Version=9.0.0.0, Culture=neutral, PublicKeyToken=b03f5f7f11d50a3a" className="BinderTests.BindingPathTests, FrameworkTests" name="NestedCollectionAbsolutePathTest" />
    </UnitTest>
    <UnitTest name="SimplePathSourceResolutionTest" storage="d:\documents and settings\shiless\my documents\binding framework\bindingframework\frameworktests\bin\debug\frameworktests.dll" id="1f3f1fc1-124e-3cd3-47c8-1e2b20c95bb6">
      <Css projectStructure="" iteration="" />
      <Owners>
        <Owner name="" />
      </Owners>
      <TestMethod codeBase="D:\Documents and Settings\shiless\My Documents\Binding Framework\BindingFramework\FrameworkTests\bin\Debug\FrameworkTests.dll" adapterTypeName="Microsoft.VisualStudio.TestTools.TestTypes.Unit.UnitTestAdapter, Microsoft.VisualStudio.QualityTools.Tips.UnitTest.Adapter, Version=9.0.0.0, Culture=neutral, PublicKeyToken=b03f5f7f11d50a3a" className="BinderTests.BindingPathTests, FrameworkTests" name="SimplePathSourceResolutionTest" />
    </UnitTest>
    <UnitTest name="ExplicitAuthorityLastAuthorativeFlagWinsTest" storage="d:\documents and settings\shiless\my documents\binding framework\bindingframework\frameworktests\bin\debug\frameworktests.dll" id="78a13f87-a080-5648-2cf3-6293bde6ec22">
      <Css projectStructure="" iteration="" />
      <Owners>
        <Owner name="" />
      </Owners>
      <TestMethod codeBase="D:\Documents and Settings\shiless\My Documents\Binding Framework\BindingFramework\FrameworkTests\bin\Debug\FrameworkTests.dll" adapterTypeName="Microsoft.VisualStudio.TestTools.TestTypes.Unit.UnitTestAdapter, Microsoft.VisualStudio.QualityTools.Tips.UnitTest.Adapter, Version=9.0.0.0, Culture=neutral, PublicKeyToken=b03f5f7f11d50a3a" className="BinderTests.BinderBaseUnbindTests, FrameworkTests" name="ExplicitAuthorityLastAuthorativeFlagWinsTest" />
    </UnitTest>
    <UnitTest name="IndexedPathStorageTest" storage="d:\documents and settings\shiless\my documents\binding framework\bindingframework\frameworktests\bin\debug\frameworktests.dll" id="58ee54d4-a195-3843-b6a7-6bb64ef8831f">
      <Css projectStructure="" iteration="" />
      <Owners>
        <Owner name="" />
      </Owners>
      <TestMethod codeBase="D:\Documents and Settings\shiless\My Documents\Binding Framework\BindingFramework\FrameworkTests\bin\Debug\FrameworkTests.dll" adapterTypeName="Microsoft.VisualStudio.TestTools.TestTypes.Unit.UnitTestAdapter, Microsoft.VisualStudio.QualityTools.Tips.UnitTest.Adapter, Version=9.0.0.0, Culture=neutral, PublicKeyToken=b03f5f7f11d50a3a" className="BinderTests.BindingPathTests, FrameworkTests" name="IndexedPathStorageTest" />
    </UnitTest>
  </TestDefinitions>
  <TestLists>
    <TestList name="Results Not in a List" id="8c84fa94-04c1-424b-9868-57a2d4851a1d" />
    <TestList name="All Loaded Results" id="19431567-8539-422a-85d7-44ee4e166bda" />
  </TestLists>
  <TestEntries>
    <TestEntry testId="2457011b-8c55-eda8-6d9f-8811db06fd90" executionId="1e91c2a9-7fdd-46b5-b4eb-0bb65c918167" testListId="8c84fa94-04c1-424b-9868-57a2d4851a1d" />
    <TestEntry testId="fedc116c-552f-c977-989e-8545d6a52623" executionId="b71cbaec-c5b4-47de-b83c-5656d094e9b1" testListId="8c84fa94-04c1-424b-9868-57a2d4851a1d" />
    <TestEntry testId="b93cf5e8-cb14-8165-6d00-dc6c238d51e6" executionId="f1cc75a0-f1fb-4099-8772-dddf1d85f653" testListId="8c84fa94-04c1-424b-9868-57a2d4851a1d" />
    <TestEntry testId="40942389-b82b-418b-0a5c-0a6377319b90" executionId="32ba6e50-b1a4-4faa-88dd-fcbfe3ac9c42" testListId="8c84fa94-04c1-424b-9868-57a2d4851a1d" />
    <TestEntry testId="2e081084-c722-441f-888e-acc572e80418" executionId="9481b981-858d-4bb8-b8f4-8a3659767a24" testListId="8c84fa94-04c1-424b-9868-57a2d4851a1d" />
    <TestEntry testId="8a58399e-adf6-e999-fc46-77c857cf1911" executionId="0e68b64b-8d21-458f-8899-170bbc64dfd1" testListId="8c84fa94-04c1-424b-9868-57a2d4851a1d" />
    <TestEntry testId="7ddd65ff-b5d5-b573-027b-c8a8bc9db9f2" executionId="0fd5cb7d-6cdd-46b6-82b6-dc7f0e27b291" testListId="8c84fa94-04c1-424b-9868-57a2d4851a1d" />
    <TestEntry testId="016ef5fd-2cab-5eba-5891-aee888b10369" executionId="08d00b1b-adec-4475-ad99-47952c5de7f5" testListId="8c84fa94-04c1-424b-9868-57a2d4851a1d" />
    <TestEntry testId="78a13f87-a080-5648-2cf3-6293bde6ec22" executionId="8c7e3047-5d5c-4ec5-8c5e-d7a15711c817" testListId="8c84fa94-04c1-424b-9868-57a2d4851a1d" />
    <TestEntry testId="e676d73e-7761-b947-62de-81a1f4a950fa" executionId="5e85e89b-8f35-4706-b3b1-1a9648e95b03" testListId="8c84fa94-04c1-424b-9868-57a2d4851a1d" />
    <TestEntry testId="ebdb73ed-ade3-2a15-763a-2451dfefc938" executionId="91e9e90b-c3b7-469a-aec9-2732e024d980" testListId="8c84fa94-04c1-424b-9868-57a2d4851a1d" />
    <TestEntry testId="956f849c-4cd1-2d9a-3aed-76e30d8ae2c5" executionId="d4b22eec-5a08-45fb-a0fb-e4ca473db5e3" testListId="8c84fa94-04c1-424b-9868-57a2d4851a1d" />
    <TestEntry testId="1f3f1fc1-124e-3cd3-47c8-1e2b20c95bb6" executionId="59b5d239-2542-4b96-8eb2-c2725836aee2" testListId="8c84fa94-04c1-424b-9868-57a2d4851a1d" />
    <TestEntry testId="58ee54d4-a195-3843-b6a7-6bb64ef8831f" executionId="92fd607b-3b0f-45e1-8baf-b148b5851c04" testListId="8c84fa94-04c1-424b-9868-57a2d4851a1d" />
    <TestEntry testId="99fb07f7-55bf-f7e4-7a96-48e36a5c2ad7" executionId="f8e88592-e791-49b7-aa4d-76a3484cd186" testListId="8c84fa94-04c1-424b-9868-57a2d4851a1d" />
    <TestEntry testId="55b85cba-cdc6-fb80-a2c3-de9ed863ea72" executionId="95977a0d-576f-4106-a283-7ef6b7326f57" testListId="8c84fa94-04c1-424b-9868-57a2d4851a1d" />
    <TestEntry testId="827503b3-8da4-a818-ae95-4fa970a521a7" executionId="2ecd6e52-cd8f-49a9-b883-978819de65db" testListId="8c84fa94-04c1-424b-9868-57a2d4851a1d" />
    <TestEntry testId="bf4bd52d-ee45-124b-ffdc-23ceefc77bc4" executionId="c8ec4fa2-27c5-4130-b048-22df87b42e44" testListId="8c84fa94-04c1-424b-9868-57a2d4851a1d" />
    <TestEntry testId="efbb38b3-e1cb-c476-63a6-499bcb1a2414" executionId="bec61de3-811f-464b-a418-e5b62fad6f8c" testListId="8c84fa94-04c1-424b-9868-57a2d4851a1d" />
    <TestEntry testId="fcd3a7c5-f580-aa2b-ddb9-82096a75d787" executionId="a1e58b57-ec7e-4654-be69-55c83f6edb02" testListId="8c84fa94-04c1-424b-9868-57a2d4851a1d" />
    <TestEntry testId="4e684b37-0405-d140-9865-f8fc3ca26985" executionId="11fff9ea-d045-4a51-a43b-d0f4bec69076" testListId="8c84fa94-04c1-424b-9868-57a2d4851a1d" />
  </TestEntries>
  <Results>
    <UnitTestResult executionId="1e91c2a9-7fdd-46b5-b4eb-0bb65c918167" testId="2457011b-8c55-eda8-6d9f-8811db06fd90" testName="VerifyRepeaterProgrammaticBindCreatesCorrectBindingObject" computerName="FANZ-FAL099329" duration="00:00:00" startTime="0001-01-01T09:30:00.0000000+09:30" endTime="0001-01-01T09:30:00.0000000+09:30" testType="13cdc9d9-ddb5-4fa4-a97d-d965ccfc6d4b" outcome="NotExecuted" testListId="8c84fa94-04c1-424b-9868-57a2d4851a1d">
    </UnitTestResult>
    <UnitTestResult executionId="b71cbaec-c5b4-47de-b83c-5656d094e9b1" testId="fedc116c-552f-c977-989e-8545d6a52623" testName="VerifyTextboxTextProgrammaticBindCreatesCorrectBindingObject" computerName="FANZ-FAL099329" duration="00:00:00" startTime="0001-01-01T09:30:00.0000000+09:30" endTime="0001-01-01T09:30:00.0000000+09:30" testType="13cdc9d9-ddb5-4fa4-a97d-d965ccfc6d4b" outcome="NotExecuted" testListId="8c84fa94-04c1-424b-9868-57a2d4851a1d">
    </UnitTestResult>
    <UnitTestResult executionId="f1cc75a0-f1fb-4099-8772-dddf1d85f653" testId="b93cf5e8-cb14-8165-6d00-dc6c238d51e6" testName="VerifyTextboxTextProgrammaticBindReturnsCorrectValue" computerName="FANZ-FAL099329" duration="00:00:00" startTime="0001-01-01T09:30:00.0000000+09:30" endTime="0001-01-01T09:30:00.0000000+09:30" testType="13cdc9d9-ddb5-4fa4-a97d-d965ccfc6d4b" outcome="NotExecuted" testListId="8c84fa94-04c1-424b-9868-57a2d4851a1d">
    </UnitTestResult>
    <UnitTestResult executionId="32ba6e50-b1a4-4faa-88dd-fcbfe3ac9c42" testId="40942389-b82b-418b-0a5c-0a6377319b90" testName="VerifyTextboxInRepeaterProgrammaticBindReturnsCorrectValue" computerName="FANZ-FAL099329" duration="00:00:00" startTime="0001-01-01T09:30:00.0000000+09:30" endTime="0001-01-01T09:30:00.0000000+09:30" testType="13cdc9d9-ddb5-4fa4-a97d-d965ccfc6d4b" outcome="NotExecuted" testListId="8c84fa94-04c1-424b-9868-57a2d4851a1d">
    </UnitTestResult>
    <UnitTestResult executionId="9481b981-858d-4bb8-b8f4-8a3659767a24" testId="2e081084-c722-441f-888e-acc572e80418" testName="TextBoxUnbindTest" computerName="FANZ-FAL099329" duration="00:00:00" startTime="0001-01-01T09:30:00.0000000+09:30" endTime="0001-01-01T09:30:00.0000000+09:30" testType="13cdc9d9-ddb5-4fa4-a97d-d965ccfc6d4b" outcome="NotExecuted" testListId="8c84fa94-04c1-424b-9868-57a2d4851a1d">
    </UnitTestResult>
    <UnitTestResult executionId="0e68b64b-8d21-458f-8899-170bbc64dfd1" testId="8a58399e-adf6-e999-fc46-77c857cf1911" testName="TextBoxOneWayUnbindTest" computerName="FANZ-FAL099329" duration="00:00:00" startTime="0001-01-01T09:30:00.0000000+09:30" endTime="0001-01-01T09:30:00.0000000+09:30" testType="13cdc9d9-ddb5-4fa4-a97d-d965ccfc6d4b" outcome="NotExecuted" testListId="8c84fa94-04c1-424b-9868-57a2d4851a1d">
    </UnitTestResult>
    <UnitTestResult executionId="0fd5cb7d-6cdd-46b6-82b6-dc7f0e27b291" testId="7ddd65ff-b5d5-b573-027b-c8a8bc9db9f2" testName="DefaultAuthorityIsLastBindingTest" computerName="FANZ-FAL099329" duration="00:00:00" startTime="0001-01-01T09:30:00.0000000+09:30" endTime="0001-01-01T09:30:00.0000000+09:30" testType="13cdc9d9-ddb5-4fa4-a97d-d965ccfc6d4b" outcome="NotExecuted" testListId="8c84fa94-04c1-424b-9868-57a2d4851a1d">
    </UnitTestResult>
    <UnitTestResult executionId="08d00b1b-adec-4475-ad99-47952c5de7f5" testId="016ef5fd-2cab-5eba-5891-aee888b10369" testName="ExplicitAuthorityTest" computerName="FANZ-FAL099329" duration="00:00:00" startTime="0001-01-01T09:30:00.0000000+09:30" endTime="0001-01-01T09:30:00.0000000+09:30" testType="13cdc9d9-ddb5-4fa4-a97d-d965ccfc6d4b" outcome="NotExecuted" testListId="8c84fa94-04c1-424b-9868-57a2d4851a1d">
    </UnitTestResult>
    <UnitTestResult executionId="8c7e3047-5d5c-4ec5-8c5e-d7a15711c817" testId="78a13f87-a080-5648-2cf3-6293bde6ec22" testName="ExplicitAuthorityLastAuthorativeFlagWinsTest" computerName="FANZ-FAL099329" duration="00:00:00" startTime="0001-01-01T09:30:00.0000000+09:30" endTime="0001-01-01T09:30:00.0000000+09:30" testType="13cdc9d9-ddb5-4fa4-a97d-d965ccfc6d4b" outcome="NotExecuted" testListId="8c84fa94-04c1-424b-9868-57a2d4851a1d">
    </UnitTestResult>
    <UnitTestResult executionId="5e85e89b-8f35-4706-b3b1-1a9648e95b03" testId="e676d73e-7761-b947-62de-81a1f4a950fa" testName="CollectionTwoWayTest" computerName="FANZ-FAL099329" duration="00:00:00" startTime="0001-01-01T09:30:00.0000000+09:30" endTime="0001-01-01T09:30:00.0000000+09:30" testType="13cdc9d9-ddb5-4fa4-a97d-d965ccfc6d4b" outcome="NotExecuted" testListId="8c84fa94-04c1-424b-9868-57a2d4851a1d">
    </UnitTestResult>
    <UnitTestResult executionId="91e9e90b-c3b7-469a-aec9-2732e024d980" testId="ebdb73ed-ade3-2a15-763a-2451dfefc938" testName="CollectionOneWayTest" computerName="FANZ-FAL099329" duration="00:00:00" startTime="0001-01-01T09:30:00.0000000+09:30" endTime="0001-01-01T09:30:00.0000000+09:30" testType="13cdc9d9-ddb5-4fa4-a97d-d965ccfc6d4b" outcome="NotExecuted" testListId="8c84fa94-04c1-424b-9868-57a2d4851a1d">
    </UnitTestResult>
    <UnitTestResult executionId="d4b22eec-5a08-45fb-a0fb-e4ca473db5e3" testId="956f849c-4cd1-2d9a-3aed-76e30d8ae2c5" testName="SimplePathStorageTest" computerName="FANZ-FAL099329" duration="00:00:00" startTime="0001-01-01T09:30:00.0000000+09:30" endTime="0001-01-01T09:30:00.0000000+09:30" testType="13cdc9d9-ddb5-4fa4-a97d-d965ccfc6d4b" outcome="NotExecuted" testListId="8c84fa94-04c1-424b-9868-57a2d4851a1d">
    </UnitTestResult>
    <UnitTestResult executionId="59b5d239-2542-4b96-8eb2-c2725836aee2" testId="1f3f1fc1-124e-3cd3-47c8-1e2b20c95bb6" testName="SimplePathSourceResolutionTest" computerName="FANZ-FAL099329" duration="00:00:00" startTime="0001-01-01T09:30:00.0000000+09:30" endTime="0001-01-01T09:30:00.0000000+09:30" testType="13cdc9d9-ddb5-4fa4-a97d-d965ccfc6d4b" outcome="NotExecuted" testListId="8c84fa94-04c1-424b-9868-57a2d4851a1d">
    </UnitTestResult>
    <UnitTestResult executionId="92fd607b-3b0f-45e1-8baf-b148b5851c04" testId="58ee54d4-a195-3843-b6a7-6bb64ef8831f" testName="IndexedPathStorageTest" computerName="FANZ-FAL099329" duration="00:00:00" startTime="0001-01-01T09:30:00.0000000+09:30" endTime="0001-01-01T09:30:00.0000000+09:30" testType="13cdc9d9-ddb5-4fa4-a97d-d965ccfc6d4b" outcome="NotExecuted" testListId="8c84fa94-04c1-424b-9868-57a2d4851a1d">
    </UnitTestResult>
    <UnitTestResult executionId="f8e88592-e791-49b7-aa4d-76a3484cd186" testId="99fb07f7-55bf-f7e4-7a96-48e36a5c2ad7" testName="IndexedPathSourceResolutionTest" computerName="FANZ-FAL099329" duration="00:00:00" startTime="0001-01-01T09:30:00.0000000+09:30" endTime="0001-01-01T09:30:00.0000000+09:30" testType="13cdc9d9-ddb5-4fa4-a97d-d965ccfc6d4b" outcome="NotExecuted" testListId="8c84fa94-04c1-424b-9868-57a2d4851a1d">
    </UnitTestResult>
    <UnitTestResult executionId="95977a0d-576f-4106-a283-7ef6b7326f57" testId="55b85cba-cdc6-fb80-a2c3-de9ed863ea72" testName="SimplePathTargetResolutionTest" computerName="FANZ-FAL099329" duration="00:00:00" startTime="0001-01-01T09:30:00.0000000+09:30" endTime="0001-01-01T09:30:00.0000000+09:30" testType="13cdc9d9-ddb5-4fa4-a97d-d965ccfc6d4b" outcome="NotExecuted" testListId="8c84fa94-04c1-424b-9868-57a2d4851a1d">
    </UnitTestResult>
    <UnitTestResult executionId="2ecd6e52-cd8f-49a9-b883-978819de65db" testId="827503b3-8da4-a818-ae95-4fa970a521a7" testName="NestedRelativePathTest" computerName="FANZ-FAL099329" duration="00:00:00" startTime="0001-01-01T09:30:00.0000000+09:30" endTime="0001-01-01T09:30:00.0000000+09:30" testType="13cdc9d9-ddb5-4fa4-a97d-d965ccfc6d4b" outcome="NotExecuted" testListId="8c84fa94-04c1-424b-9868-57a2d4851a1d">
    </UnitTestResult>
    <UnitTestResult executionId="c8ec4fa2-27c5-4130-b048-22df87b42e44" testId="bf4bd52d-ee45-124b-ffdc-23ceefc77bc4" testName="NestedCollectionRelativePathTest" computerName="FANZ-FAL099329" duration="00:00:00" startTime="0001-01-01T09:30:00.0000000+09:30" endTime="0001-01-01T09:30:00.0000000+09:30" testType="13cdc9d9-ddb5-4fa4-a97d-d965ccfc6d4b" outcome="NotExecuted" testListId="8c84fa94-04c1-424b-9868-57a2d4851a1d">
    </UnitTestResult>
    <UnitTestResult executionId="bec61de3-811f-464b-a418-e5b62fad6f8c" testId="efbb38b3-e1cb-c476-63a6-499bcb1a2414" testName="NestedAbsolutePathTest" computerName="FANZ-FAL099329" duration="00:00:00" startTime="0001-01-01T09:30:00.0000000+09:30" endTime="0001-01-01T09:30:00.0000000+09:30" testType="13cdc9d9-ddb5-4fa4-a97d-d965ccfc6d4b" outcome="NotExecuted" testListId="8c84fa94-04c1-424b-9868-57a2d4851a1d">
    </UnitTestResult>
    <UnitTestResult executionId="a1e58b57-ec7e-4654-be69-55c83f6edb02" testId="fcd3a7c5-f580-aa2b-ddb9-82096a75d787" testName="NestedCollectionAbsolutePathTest" computerName="FANZ-FAL099329" duration="00:00:00" startTime="0001-01-01T09:30:00.0000000+09:30" endTime="0001-01-01T09:30:00.0000000+09:30" testType="13cdc9d9-ddb5-4fa4-a97d-d965ccfc6d4b" outcome="NotExecuted" testListId="8c84fa94-04c1-424b-9868-57a2d4851a1d">
    </UnitTestResult>
    <UnitTestResult executionId="11fff9ea-d045-4a51-a43b-d0f4bec69076" testId="4e684b37-0405-d140-9865-f8fc3ca26985" testName="ContextIsConsistentBetweenGetsTest" computerName="FANZ-FAL099329" duration="00:00:00" startTime="0001-01-01T09:30:00.0000000+09:30" endTime="0001-01-01T09:30:00.0000000+09:30" testType="13cdc9d9-ddb5-4fa4-a97d-d965ccfc6d4b" outcome="NotExecuted" testListId="8c84fa94-04c1-424b-9868-57a2d4851a1d">
    </UnitTestResult>
  </Results>
</TestRun>