<?xml version="1.0" encoding="UTF-8"?>
<TestRun id="27152a7e-bcff-475f-a4f9-f78de4581239" name="shiless@FANZ-FAL099329 2011-01-12 15:09:23" runUser="FAL\shiless" xmlns="http://microsoft.com/schemas/VisualStudio/TeamTest/2006">
  <TestRunConfiguration name="Local Test Run" id="20e65539-8756-4fda-a223-697f3684f4d4">
    <Description>This is a default test run configuration for a local test run.</Description>
    <Deployment runDeploymentRoot="D:\Documents and Settings\shiless\My Documents\Binding Framework\BindingFramework\TestResults\shiless_FANZ-FAL099329 2011-01-12 15_09_23">
      <DeploymentItem filename="D:\Documents and Settings\shiless\My Documents\Binding Framework\BindingFramework\Binding\bin\Debug\Binding.dll" />
      <DeploymentItem filename="D:\Documents and Settings\shiless\My Documents\Binding Framework\BindingFramework\BinderTests\bin\Debug\ASPBinding.dll" />
      <DeploymentItem filename="D:\Documents and Settings\shiless\My Documents\Binding Framework\BindingFramework\FrameworkTests\bin\Debug\Rhino.Mocks.dll" />
    </Deployment>
    <TestTypeSpecific />
  </TestRunConfiguration>
  <ResultSummary outcome="Failed">
    <Counters total="21" executed="21" passed="20" error="0" failed="1" timeout="0" aborted="0" inconclusive="0" passedButRunAborted="0" notRunnable="0" notExecuted="0" disconnected="0" warning="0" completed="0" inProgress="0" pending="0" />
  </ResultSummary>
  <Times creation="2011-01-12T15:09:23.9752284+09:30" queuing="2011-01-12T15:09:24.7565634+09:30" start="2011-01-12T15:09:25.0378440+09:30" finish="2011-01-12T15:09:27.8819034+09:30" />
  <TestDefinitions>
    <UnitTest name="ExplicitAuthorityTest" storage="d:\documents and settings\shiless\my documents\binding framework\bindingframework\frameworktests\bin\debug\frameworktests.dll" id="016ef5fd-2cab-5eba-5891-aee888b10369">
      <Css projectStructure="" iteration="" />
      <Owners>
        <Owner name="" />
      </Owners>
      <Execution id="d7401cfd-36f9-4882-a895-c3a15c4e9141" />
      <TestMethod codeBase="D:\Documents and Settings\shiless\My Documents\Binding Framework\BindingFramework\FrameworkTests\bin\Debug\FrameworkTests.dll" adapterTypeName="Microsoft.VisualStudio.TestTools.TestTypes.Unit.UnitTestAdapter, Microsoft.VisualStudio.QualityTools.Tips.UnitTest.Adapter, Version=9.0.0.0, Culture=neutral, PublicKeyToken=b03f5f7f11d50a3a" className="BinderTests.BinderBaseUnbindTests, FrameworkTests" name="ExplicitAuthorityTest" />
    </UnitTest>
    <UnitTest name="CollectionTwoWayTest" storage="d:\documents and settings\shiless\my documents\binding framework\bindingframework\frameworktests\bin\debug\frameworktests.dll" id="e676d73e-7761-b947-62de-81a1f4a950fa">
      <Css projectStructure="" iteration="" />
      <Owners>
        <Owner name="" />
      </Owners>
      <Execution id="6c5daf65-4a7a-48ae-a097-6b0552384ef7" />
      <TestMethod codeBase="D:\Documents and Settings\shiless\My Documents\Binding Framework\BindingFramework\FrameworkTests\bin\Debug\FrameworkTests.dll" adapterTypeName="Microsoft.VisualStudio.TestTools.TestTypes.Unit.UnitTestAdapter, Microsoft.VisualStudio.QualityTools.Tips.UnitTest.Adapter, Version=9.0.0.0, Culture=neutral, PublicKeyToken=b03f5f7f11d50a3a" className="BinderTests.BinderBaseUnbindTests, FrameworkTests" name="CollectionTwoWayTest" />
    </UnitTest>
    <UnitTest name="VerifyTextboxInRepeaterProgrammaticBindReturnsCorrectValue" storage="d:\documents and settings\shiless\my documents\binding framework\bindingframework\frameworktests\bin\debug\frameworktests.dll" id="40942389-b82b-418b-0a5c-0a6377319b90">
      <Css projectStructure="" iteration="" />
      <Owners>
        <Owner name="" />
      </Owners>
      <Execution id="b1c21b7a-4d47-4958-a033-59daef7ad9fa" />
      <TestMethod codeBase="D:\Documents and Settings\shiless\My Documents\Binding Framework\BindingFramework\FrameworkTests\bin\Debug\FrameworkTests.dll" adapterTypeName="Microsoft.VisualStudio.TestTools.TestTypes.Unit.UnitTestAdapter, Microsoft.VisualStudio.QualityTools.Tips.UnitTest.Adapter, Version=9.0.0.0, Culture=neutral, PublicKeyToken=b03f5f7f11d50a3a" className="BinderTests.BinderBaseBindTests, FrameworkTests" name="VerifyTextboxInRepeaterProgrammaticBindReturnsCorrectValue" />
    </UnitTest>
    <UnitTest name="ContextIsConsistentBetweenGetsTest" storage="d:\documents and settings\shiless\my documents\binding framework\bindingframework\frameworktests\bin\debug\frameworktests.dll" id="4e684b37-0405-d140-9865-f8fc3ca26985">
      <Css projectStructure="" iteration="" />
      <Owners>
        <Owner name="" />
      </Owners>
      <Execution id="4dd2ec5a-49a7-4b96-a21d-ca17dd30ea5e" />
      <TestMethod codeBase="D:\Documents and Settings\shiless\My Documents\Binding Framework\BindingFramework\FrameworkTests\bin\Debug\FrameworkTests.dll" adapterTypeName="Microsoft.VisualStudio.TestTools.TestTypes.Unit.UnitTestAdapter, Microsoft.VisualStudio.QualityTools.Tips.UnitTest.Adapter, Version=9.0.0.0, Culture=neutral, PublicKeyToken=b03f5f7f11d50a3a" className="BinderTests.ContextRetrievalTests, FrameworkTests" name="ContextIsConsistentBetweenGetsTest" />
    </UnitTest>
    <UnitTest name="VerifyTextboxTextProgrammaticBindCreatesCorrectBindingObject" storage="d:\documents and settings\shiless\my documents\binding framework\bindingframework\frameworktests\bin\debug\frameworktests.dll" id="fedc116c-552f-c977-989e-8545d6a52623">
      <Css projectStructure="" iteration="" />
      <Owners>
        <Owner name="" />
      </Owners>
      <Execution id="cc51d9b9-84f3-44eb-af2c-d29817ce6f80" />
      <TestMethod codeBase="D:\Documents and Settings\shiless\My Documents\Binding Framework\BindingFramework\FrameworkTests\bin\Debug\FrameworkTests.dll" adapterTypeName="Microsoft.VisualStudio.TestTools.TestTypes.Unit.UnitTestAdapter, Microsoft.VisualStudio.QualityTools.Tips.UnitTest.Adapter, Version=9.0.0.0, Culture=neutral, PublicKeyToken=b03f5f7f11d50a3a" className="BinderTests.BinderBaseBindTests, FrameworkTests" name="VerifyTextboxTextProgrammaticBindCreatesCorrectBindingObject" />
    </UnitTest>
    <UnitTest name="DefaultAuthorityIsLastBindingTest" storage="d:\documents and settings\shiless\my documents\binding framework\bindingframework\frameworktests\bin\debug\frameworktests.dll" id="7ddd65ff-b5d5-b573-027b-c8a8bc9db9f2">
      <Css projectStructure="" iteration="" />
      <Owners>
        <Owner name="" />
      </Owners>
      <Execution id="a3cc3d17-90b7-4bf2-ada0-1c7a94ec14d7" />
      <TestMethod codeBase="D:\Documents and Settings\shiless\My Documents\Binding Framework\BindingFramework\FrameworkTests\bin\Debug\FrameworkTests.dll" adapterTypeName="Microsoft.VisualStudio.TestTools.TestTypes.Unit.UnitTestAdapter, Microsoft.VisualStudio.QualityTools.Tips.UnitTest.Adapter, Version=9.0.0.0, Culture=neutral, PublicKeyToken=b03f5f7f11d50a3a" className="BinderTests.BinderBaseUnbindTests, FrameworkTests" name="DefaultAuthorityIsLastBindingTest" />
    </UnitTest>
    <UnitTest name="IndexedPathSourceResolutionTest" storage="d:\documents and settings\shiless\my documents\binding framework\bindingframework\frameworktests\bin\debug\frameworktests.dll" id="99fb07f7-55bf-f7e4-7a96-48e36a5c2ad7">
      <Css projectStructure="" iteration="" />
      <Owners>
        <Owner name="" />
      </Owners>
      <Execution id="b45e8995-a9c9-4390-85b4-eb4674e2f678" />
      <TestMethod codeBase="D:\Documents and Settings\shiless\My Documents\Binding Framework\BindingFramework\FrameworkTests\bin\Debug\FrameworkTests.dll" adapterTypeName="Microsoft.VisualStudio.TestTools.TestTypes.Unit.UnitTestAdapter, Microsoft.VisualStudio.QualityTools.Tips.UnitTest.Adapter, Version=9.0.0.0, Culture=neutral, PublicKeyToken=b03f5f7f11d50a3a" className="BinderTests.BindingPathTests, FrameworkTests" name="IndexedPathSourceResolutionTest" />
    </UnitTest>
    <UnitTest name="NestedCollectionRelativePathTest" storage="d:\documents and settings\shiless\my documents\binding framework\bindingframework\frameworktests\bin\debug\frameworktests.dll" id="bf4bd52d-ee45-124b-ffdc-23ceefc77bc4">
      <Css projectStructure="" iteration="" />
      <Owners>
        <Owner name="" />
      </Owners>
      <Execution id="358c898c-05b9-43ea-aad7-78b8d649fa8e" />
      <TestMethod codeBase="D:\Documents and Settings\shiless\My Documents\Binding Framework\BindingFramework\FrameworkTests\bin\Debug\FrameworkTests.dll" adapterTypeName="Microsoft.VisualStudio.TestTools.TestTypes.Unit.UnitTestAdapter, Microsoft.VisualStudio.QualityTools.Tips.UnitTest.Adapter, Version=9.0.0.0, Culture=neutral, PublicKeyToken=b03f5f7f11d50a3a" className="BinderTests.BindingPathTests, FrameworkTests" name="NestedCollectionRelativePathTest" />
    </UnitTest>
    <UnitTest name="VerifyTextboxTextProgrammaticBindReturnsCorrectValue" storage="d:\documents and settings\shiless\my documents\binding framework\bindingframework\frameworktests\bin\debug\frameworktests.dll" id="b93cf5e8-cb14-8165-6d00-dc6c238d51e6">
      <Css projectStructure="" iteration="" />
      <Owners>
        <Owner name="" />
      </Owners>
      <Execution id="9436ee42-4e1f-4811-9193-f52c60b23211" />
      <TestMethod codeBase="D:\Documents and Settings\shiless\My Documents\Binding Framework\BindingFramework\FrameworkTests\bin\Debug\FrameworkTests.dll" adapterTypeName="Microsoft.VisualStudio.TestTools.TestTypes.Unit.UnitTestAdapter, Microsoft.VisualStudio.QualityTools.Tips.UnitTest.Adapter, Version=9.0.0.0, Culture=neutral, PublicKeyToken=b03f5f7f11d50a3a" className="BinderTests.BinderBaseBindTests, FrameworkTests" name="VerifyTextboxTextProgrammaticBindReturnsCorrectValue" />
    </UnitTest>
    <UnitTest name="NestedAbsolutePathTest" storage="d:\documents and settings\shiless\my documents\binding framework\bindingframework\frameworktests\bin\debug\frameworktests.dll" id="efbb38b3-e1cb-c476-63a6-499bcb1a2414">
      <Css projectStructure="" iteration="" />
      <Owners>
        <Owner name="" />
      </Owners>
      <Execution id="61fca2c9-8250-4c12-85b7-84641aefa715" />
      <TestMethod codeBase="D:\Documents and Settings\shiless\My Documents\Binding Framework\BindingFramework\FrameworkTests\bin\Debug\FrameworkTests.dll" adapterTypeName="Microsoft.VisualStudio.TestTools.TestTypes.Unit.UnitTestAdapter, Microsoft.VisualStudio.QualityTools.Tips.UnitTest.Adapter, Version=9.0.0.0, Culture=neutral, PublicKeyToken=b03f5f7f11d50a3a" className="BinderTests.BindingPathTests, FrameworkTests" name="NestedAbsolutePathTest" />
    </UnitTest>
    <UnitTest name="CollectionOneWayTest" storage="d:\documents and settings\shiless\my documents\binding framework\bindingframework\frameworktests\bin\debug\frameworktests.dll" id="ebdb73ed-ade3-2a15-763a-2451dfefc938">
      <Css projectStructure="" iteration="" />
      <Owners>
        <Owner name="" />
      </Owners>
      <Execution id="6a493757-4386-4456-b373-f567b9fde5f0" />
      <TestMethod codeBase="D:\Documents and Settings\shiless\My Documents\Binding Framework\BindingFramework\FrameworkTests\bin\Debug\FrameworkTests.dll" adapterTypeName="Microsoft.VisualStudio.TestTools.TestTypes.Unit.UnitTestAdapter, Microsoft.VisualStudio.QualityTools.Tips.UnitTest.Adapter, Version=9.0.0.0, Culture=neutral, PublicKeyToken=b03f5f7f11d50a3a" className="BinderTests.BinderBaseUnbindTests, FrameworkTests" name="CollectionOneWayTest" />
    </UnitTest>
    <UnitTest name="TextBoxOneWayUnbindTest" storage="d:\documents and settings\shiless\my documents\binding framework\bindingframework\frameworktests\bin\debug\frameworktests.dll" id="8a58399e-adf6-e999-fc46-77c857cf1911">
      <Css projectStructure="" iteration="" />
      <Owners>
        <Owner name="" />
      </Owners>
      <Execution id="5f4bec96-4b00-47bf-922f-96b50e8dad93" />
      <TestMethod codeBase="D:\Documents and Settings\shiless\My Documents\Binding Framework\BindingFramework\FrameworkTests\bin\Debug\FrameworkTests.dll" adapterTypeName="Microsoft.VisualStudio.TestTools.TestTypes.Unit.UnitTestAdapter, Microsoft.VisualStudio.QualityTools.Tips.UnitTest.Adapter, Version=9.0.0.0, Culture=neutral, PublicKeyToken=b03f5f7f11d50a3a" className="BinderTests.BinderBaseUnbindTests, FrameworkTests" name="TextBoxOneWayUnbindTest" />
    </UnitTest>
    <UnitTest name="SimplePathStorageTest" storage="d:\documents and settings\shiless\my documents\binding framework\bindingframework\frameworktests\bin\debug\frameworktests.dll" id="956f849c-4cd1-2d9a-3aed-76e30d8ae2c5">
      <Css projectStructure="" iteration="" />
      <Owners>
        <Owner name="" />
      </Owners>
      <Execution id="73bd009f-d064-4a79-896e-78b30a91513e" />
      <TestMethod codeBase="D:\Documents and Settings\shiless\My Documents\Binding Framework\BindingFramework\FrameworkTests\bin\Debug\FrameworkTests.dll" adapterTypeName="Microsoft.VisualStudio.TestTools.TestTypes.Unit.UnitTestAdapter, Microsoft.VisualStudio.QualityTools.Tips.UnitTest.Adapter, Version=9.0.0.0, Culture=neutral, PublicKeyToken=b03f5f7f11d50a3a" className="BinderTests.BindingPathTests, FrameworkTests" name="SimplePathStorageTest" />
    </UnitTest>
    <UnitTest name="NestedRelativePathTest" storage="d:\documents and settings\shiless\my documents\binding framework\bindingframework\frameworktests\bin\debug\frameworktests.dll" id="827503b3-8da4-a818-ae95-4fa970a521a7">
      <Css projectStructure="" iteration="" />
      <Owners>
        <Owner name="" />
      </Owners>
      <Execution id="6852d15e-243e-4801-bf81-c36cb89b5a83" />
      <TestMethod codeBase="D:\Documents and Settings\shiless\My Documents\Binding Framework\BindingFramework\FrameworkTests\bin\Debug\FrameworkTests.dll" adapterTypeName="Microsoft.VisualStudio.TestTools.TestTypes.Unit.UnitTestAdapter, Microsoft.VisualStudio.QualityTools.Tips.UnitTest.Adapter, Version=9.0.0.0, Culture=neutral, PublicKeyToken=b03f5f7f11d50a3a" className="BinderTests.BindingPathTests, FrameworkTests" name="NestedRelativePathTest" />
    </UnitTest>
    <UnitTest name="SimplePathTargetResolutionTest" storage="d:\documents and settings\shiless\my documents\binding framework\bindingframework\frameworktests\bin\debug\frameworktests.dll" id="55b85cba-cdc6-fb80-a2c3-de9ed863ea72">
      <Css projectStructure="" iteration="" />
      <Owners>
        <Owner name="" />
      </Owners>
      <Execution id="8e2edfdc-2df5-4fdd-8cd4-cfb2e8154c29" />
      <TestMethod codeBase="D:\Documents and Settings\shiless\My Documents\Binding Framework\BindingFramework\FrameworkTests\bin\Debug\FrameworkTests.dll" adapterTypeName="Microsoft.VisualStudio.TestTools.TestTypes.Unit.UnitTestAdapter, Microsoft.VisualStudio.QualityTools.Tips.UnitTest.Adapter, Version=9.0.0.0, Culture=neutral, PublicKeyToken=b03f5f7f11d50a3a" className="BinderTests.BindingPathTests, FrameworkTests" name="SimplePathTargetResolutionTest" />
    </UnitTest>
    <UnitTest name="TextBoxUnbindTest" storage="d:\documents and settings\shiless\my documents\binding framework\bindingframework\frameworktests\bin\debug\frameworktests.dll" id="2e081084-c722-441f-888e-acc572e80418">
      <Css projectStructure="" iteration="" />
      <Owners>
        <Owner name="" />
      </Owners>
      <Execution id="a8226303-f3fc-463b-b44a-facc3e6621ae" />
      <TestMethod codeBase="D:\Documents and Settings\shiless\My Documents\Binding Framework\BindingFramework\FrameworkTests\bin\Debug\FrameworkTests.dll" adapterTypeName="Microsoft.VisualStudio.TestTools.TestTypes.Unit.UnitTestAdapter, Microsoft.VisualStudio.QualityTools.Tips.UnitTest.Adapter, Version=9.0.0.0, Culture=neutral, PublicKeyToken=b03f5f7f11d50a3a" className="BinderTests.BinderBaseUnbindTests, FrameworkTests" name="TextBoxUnbindTest" />
    </UnitTest>
    <UnitTest name="VerifyRepeaterProgrammaticBindCreatesCorrectBindingObject" storage="d:\documents and settings\shiless\my documents\binding framework\bindingframework\frameworktests\bin\debug\frameworktests.dll" id="2457011b-8c55-eda8-6d9f-8811db06fd90">
      <Css projectStructure="" iteration="" />
      <Owners>
        <Owner name="" />
      </Owners>
      <Execution id="f2e2b409-7d3a-47d0-a541-7a4c96870421" />
      <TestMethod codeBase="D:\Documents and Settings\shiless\My Documents\Binding Framework\BindingFramework\FrameworkTests\bin\Debug\FrameworkTests.dll" adapterTypeName="Microsoft.VisualStudio.TestTools.TestTypes.Unit.UnitTestAdapter, Microsoft.VisualStudio.QualityTools.Tips.UnitTest.Adapter, Version=9.0.0.0, Culture=neutral, PublicKeyToken=b03f5f7f11d50a3a" className="BinderTests.BinderBaseBindTests, FrameworkTests" name="VerifyRepeaterProgrammaticBindCreatesCorrectBindingObject" />
    </UnitTest>
    <UnitTest name="NestedCollectionAbsolutePathTest" storage="d:\documents and settings\shiless\my documents\binding framework\bindingframework\frameworktests\bin\debug\frameworktests.dll" id="fcd3a7c5-f580-aa2b-ddb9-82096a75d787">
      <Css projectStructure="" iteration="" />
      <Owners>
        <Owner name="" />
      </Owners>
      <Execution id="720ff4b4-7f7a-4cc6-93d6-a6f8f9298b48" />
      <TestMethod codeBase="D:\Documents and Settings\shiless\My Documents\Binding Framework\BindingFramework\FrameworkTests\bin\Debug\FrameworkTests.dll" adapterTypeName="Microsoft.VisualStudio.TestTools.TestTypes.Unit.UnitTestAdapter, Microsoft.VisualStudio.QualityTools.Tips.UnitTest.Adapter, Version=9.0.0.0, Culture=neutral, PublicKeyToken=b03f5f7f11d50a3a" className="BinderTests.BindingPathTests, FrameworkTests" name="NestedCollectionAbsolutePathTest" />
    </UnitTest>
    <UnitTest name="SimplePathSourceResolutionTest" storage="d:\documents and settings\shiless\my documents\binding framework\bindingframework\frameworktests\bin\debug\frameworktests.dll" id="1f3f1fc1-124e-3cd3-47c8-1e2b20c95bb6">
      <Css projectStructure="" iteration="" />
      <Owners>
        <Owner name="" />
      </Owners>
      <Execution id="0763fab2-4de3-4ecc-9456-95fb4535384d" />
      <TestMethod codeBase="D:\Documents and Settings\shiless\My Documents\Binding Framework\BindingFramework\FrameworkTests\bin\Debug\FrameworkTests.dll" adapterTypeName="Microsoft.VisualStudio.TestTools.TestTypes.Unit.UnitTestAdapter, Microsoft.VisualStudio.QualityTools.Tips.UnitTest.Adapter, Version=9.0.0.0, Culture=neutral, PublicKeyToken=b03f5f7f11d50a3a" className="BinderTests.BindingPathTests, FrameworkTests" name="SimplePathSourceResolutionTest" />
    </UnitTest>
    <UnitTest name="ExplicitAuthorityLastAuthorativeFlagWinsTest" storage="d:\documents and settings\shiless\my documents\binding framework\bindingframework\frameworktests\bin\debug\frameworktests.dll" id="78a13f87-a080-5648-2cf3-6293bde6ec22">
      <Css projectStructure="" iteration="" />
      <Owners>
        <Owner name="" />
      </Owners>
      <Execution id="afec93d6-20ce-4849-954d-bbf6773f76ef" />
      <TestMethod codeBase="D:\Documents and Settings\shiless\My Documents\Binding Framework\BindingFramework\FrameworkTests\bin\Debug\FrameworkTests.dll" adapterTypeName="Microsoft.VisualStudio.TestTools.TestTypes.Unit.UnitTestAdapter, Microsoft.VisualStudio.QualityTools.Tips.UnitTest.Adapter, Version=9.0.0.0, Culture=neutral, PublicKeyToken=b03f5f7f11d50a3a" className="BinderTests.BinderBaseUnbindTests, FrameworkTests" name="ExplicitAuthorityLastAuthorativeFlagWinsTest" />
    </UnitTest>
    <UnitTest name="IndexedPathStorageTest" storage="d:\documents and settings\shiless\my documents\binding framework\bindingframework\frameworktests\bin\debug\frameworktests.dll" id="58ee54d4-a195-3843-b6a7-6bb64ef8831f">
      <Css projectStructure="" iteration="" />
      <Owners>
        <Owner name="" />
      </Owners>
      <Execution id="75827714-35f9-44b3-9549-bcba49c4194d" />
      <TestMethod codeBase="D:\Documents and Settings\shiless\My Documents\Binding Framework\BindingFramework\FrameworkTests\bin\Debug\FrameworkTests.dll" adapterTypeName="Microsoft.VisualStudio.TestTools.TestTypes.Unit.UnitTestAdapter, Microsoft.VisualStudio.QualityTools.Tips.UnitTest.Adapter, Version=9.0.0.0, Culture=neutral, PublicKeyToken=b03f5f7f11d50a3a" className="BinderTests.BindingPathTests, FrameworkTests" name="IndexedPathStorageTest" />
    </UnitTest>
  </TestDefinitions>
  <TestLists>
    <TestList name="Results Not in a List" id="8c84fa94-04c1-424b-9868-57a2d4851a1d" />
    <TestList name="All Loaded Results" id="19431567-8539-422a-85d7-44ee4e166bda" />
  </TestLists>
  <TestEntries>
    <TestEntry testId="2457011b-8c55-eda8-6d9f-8811db06fd90" executionId="f2e2b409-7d3a-47d0-a541-7a4c96870421" testListId="8c84fa94-04c1-424b-9868-57a2d4851a1d" />
    <TestEntry testId="fedc116c-552f-c977-989e-8545d6a52623" executionId="cc51d9b9-84f3-44eb-af2c-d29817ce6f80" testListId="8c84fa94-04c1-424b-9868-57a2d4851a1d" />
    <TestEntry testId="b93cf5e8-cb14-8165-6d00-dc6c238d51e6" executionId="9436ee42-4e1f-4811-9193-f52c60b23211" testListId="8c84fa94-04c1-424b-9868-57a2d4851a1d" />
    <TestEntry testId="40942389-b82b-418b-0a5c-0a6377319b90" executionId="b1c21b7a-4d47-4958-a033-59daef7ad9fa" testListId="8c84fa94-04c1-424b-9868-57a2d4851a1d" />
    <TestEntry testId="2e081084-c722-441f-888e-acc572e80418" executionId="a8226303-f3fc-463b-b44a-facc3e6621ae" testListId="8c84fa94-04c1-424b-9868-57a2d4851a1d" />
    <TestEntry testId="8a58399e-adf6-e999-fc46-77c857cf1911" executionId="5f4bec96-4b00-47bf-922f-96b50e8dad93" testListId="8c84fa94-04c1-424b-9868-57a2d4851a1d" />
    <TestEntry testId="7ddd65ff-b5d5-b573-027b-c8a8bc9db9f2" executionId="a3cc3d17-90b7-4bf2-ada0-1c7a94ec14d7" testListId="8c84fa94-04c1-424b-9868-57a2d4851a1d" />
    <TestEntry testId="016ef5fd-2cab-5eba-5891-aee888b10369" executionId="d7401cfd-36f9-4882-a895-c3a15c4e9141" testListId="8c84fa94-04c1-424b-9868-57a2d4851a1d" />
    <TestEntry testId="78a13f87-a080-5648-2cf3-6293bde6ec22" executionId="afec93d6-20ce-4849-954d-bbf6773f76ef" testListId="8c84fa94-04c1-424b-9868-57a2d4851a1d" />
    <TestEntry testId="e676d73e-7761-b947-62de-81a1f4a950fa" executionId="6c5daf65-4a7a-48ae-a097-6b0552384ef7" testListId="8c84fa94-04c1-424b-9868-57a2d4851a1d" />
    <TestEntry testId="ebdb73ed-ade3-2a15-763a-2451dfefc938" executionId="6a493757-4386-4456-b373-f567b9fde5f0" testListId="8c84fa94-04c1-424b-9868-57a2d4851a1d" />
    <TestEntry testId="956f849c-4cd1-2d9a-3aed-76e30d8ae2c5" executionId="73bd009f-d064-4a79-896e-78b30a91513e" testListId="8c84fa94-04c1-424b-9868-57a2d4851a1d" />
    <TestEntry testId="1f3f1fc1-124e-3cd3-47c8-1e2b20c95bb6" executionId="0763fab2-4de3-4ecc-9456-95fb4535384d" testListId="8c84fa94-04c1-424b-9868-57a2d4851a1d" />
    <TestEntry testId="58ee54d4-a195-3843-b6a7-6bb64ef8831f" executionId="75827714-35f9-44b3-9549-bcba49c4194d" testListId="8c84fa94-04c1-424b-9868-57a2d4851a1d" />
    <TestEntry testId="99fb07f7-55bf-f7e4-7a96-48e36a5c2ad7" executionId="b45e8995-a9c9-4390-85b4-eb4674e2f678" testListId="8c84fa94-04c1-424b-9868-57a2d4851a1d" />
    <TestEntry testId="55b85cba-cdc6-fb80-a2c3-de9ed863ea72" executionId="8e2edfdc-2df5-4fdd-8cd4-cfb2e8154c29" testListId="8c84fa94-04c1-424b-9868-57a2d4851a1d" />
    <TestEntry testId="827503b3-8da4-a818-ae95-4fa970a521a7" executionId="6852d15e-243e-4801-bf81-c36cb89b5a83" testListId="8c84fa94-04c1-424b-9868-57a2d4851a1d" />
    <TestEntry testId="bf4bd52d-ee45-124b-ffdc-23ceefc77bc4" executionId="358c898c-05b9-43ea-aad7-78b8d649fa8e" testListId="8c84fa94-04c1-424b-9868-57a2d4851a1d" />
    <TestEntry testId="efbb38b3-e1cb-c476-63a6-499bcb1a2414" executionId="61fca2c9-8250-4c12-85b7-84641aefa715" testListId="8c84fa94-04c1-424b-9868-57a2d4851a1d" />
    <TestEntry testId="fcd3a7c5-f580-aa2b-ddb9-82096a75d787" executionId="720ff4b4-7f7a-4cc6-93d6-a6f8f9298b48" testListId="8c84fa94-04c1-424b-9868-57a2d4851a1d" />
    <TestEntry testId="4e684b37-0405-d140-9865-f8fc3ca26985" executionId="4dd2ec5a-49a7-4b96-a21d-ca17dd30ea5e" testListId="8c84fa94-04c1-424b-9868-57a2d4851a1d" />
  </TestEntries>
  <Results>
    <UnitTestResult executionId="f2e2b409-7d3a-47d0-a541-7a4c96870421" testId="2457011b-8c55-eda8-6d9f-8811db06fd90" testName="VerifyRepeaterProgrammaticBindCreatesCorrectBindingObject" computerName="FANZ-FAL099329" duration="00:00:01.2682880" startTime="2011-01-12T15:09:25.1159775+09:30" endTime="2011-01-12T15:09:27.4599825+09:30" testType="13cdc9d9-ddb5-4fa4-a97d-d965ccfc6d4b" outcome="Passed" testListId="8c84fa94-04c1-424b-9868-57a2d4851a1d">
      <Output>
      </Output>
    </UnitTestResult>
    <UnitTestResult executionId="cc51d9b9-84f3-44eb-af2c-d29817ce6f80" testId="fedc116c-552f-c977-989e-8545d6a52623" testName="VerifyTextboxTextProgrammaticBindCreatesCorrectBindingObject" computerName="FANZ-FAL099329" duration="00:00:00.0078764" startTime="2011-01-12T15:09:27.4756092+09:30" endTime="2011-01-12T15:09:27.4912359+09:30" testType="13cdc9d9-ddb5-4fa4-a97d-d965ccfc6d4b" outcome="Passed" testListId="8c84fa94-04c1-424b-9868-57a2d4851a1d">
      <Output>
      </Output>
    </UnitTestResult>
    <UnitTestResult executionId="9436ee42-4e1f-4811-9193-f52c60b23211" testId="b93cf5e8-cb14-8165-6d00-dc6c238d51e6" testName="VerifyTextboxTextProgrammaticBindReturnsCorrectValue" computerName="FANZ-FAL099329" duration="00:00:00.0037289" startTime="2011-01-12T15:09:27.4912359+09:30" endTime="2011-01-12T15:09:27.5068626+09:30" testType="13cdc9d9-ddb5-4fa4-a97d-d965ccfc6d4b" outcome="Passed" testListId="8c84fa94-04c1-424b-9868-57a2d4851a1d">
      <Output>
      </Output>
    </UnitTestResult>
    <UnitTestResult executionId="b1c21b7a-4d47-4958-a033-59daef7ad9fa" testId="40942389-b82b-418b-0a5c-0a6377319b90" testName="VerifyTextboxInRepeaterProgrammaticBindReturnsCorrectValue" computerName="FANZ-FAL099329" duration="00:00:00.1342433" startTime="2011-01-12T15:09:27.5068626+09:30" endTime="2011-01-12T15:09:27.6318762+09:30" testType="13cdc9d9-ddb5-4fa4-a97d-d965ccfc6d4b" outcome="Passed" testListId="8c84fa94-04c1-424b-9868-57a2d4851a1d">
      <Output>
      </Output>
    </UnitTestResult>
    <UnitTestResult executionId="a8226303-f3fc-463b-b44a-facc3e6621ae" testId="2e081084-c722-441f-888e-acc572e80418" testName="TextBoxUnbindTest" computerName="FANZ-FAL099329" duration="00:00:00.0304608" startTime="2011-01-12T15:09:27.6475029+09:30" endTime="2011-01-12T15:09:27.6787563+09:30" testType="13cdc9d9-ddb5-4fa4-a97d-d965ccfc6d4b" outcome="Passed" testListId="8c84fa94-04c1-424b-9868-57a2d4851a1d">
      <Output>
      </Output>
    </UnitTestResult>
    <UnitTestResult executionId="5f4bec96-4b00-47bf-922f-96b50e8dad93" testId="8a58399e-adf6-e999-fc46-77c857cf1911" testName="TextBoxOneWayUnbindTest" computerName="FANZ-FAL099329" duration="00:00:00.0039600" startTime="2011-01-12T15:09:27.6787563+09:30" endTime="2011-01-12T15:09:27.6787563+09:30" testType="13cdc9d9-ddb5-4fa4-a97d-d965ccfc6d4b" outcome="Passed" testListId="8c84fa94-04c1-424b-9868-57a2d4851a1d">
      <Output>
      </Output>
    </UnitTestResult>
    <UnitTestResult executionId="a3cc3d17-90b7-4bf2-ada0-1c7a94ec14d7" testId="7ddd65ff-b5d5-b573-027b-c8a8bc9db9f2" testName="DefaultAuthorityIsLastBindingTest" computerName="FANZ-FAL099329" duration="00:00:00.0074456" startTime="2011-01-12T15:09:27.6787563+09:30" endTime="2011-01-12T15:09:27.6943830+09:30" testType="13cdc9d9-ddb5-4fa4-a97d-d965ccfc6d4b" outcome="Passed" testListId="8c84fa94-04c1-424b-9868-57a2d4851a1d">
      <Output>
      </Output>
    </UnitTestResult>
    <UnitTestResult executionId="d7401cfd-36f9-4882-a895-c3a15c4e9141" testId="016ef5fd-2cab-5eba-5891-aee888b10369" testName="ExplicitAuthorityTest" computerName="FANZ-FAL099329" duration="00:00:00.0047383" startTime="2011-01-12T15:09:27.6943830+09:30" endTime="2011-01-12T15:09:27.6943830+09:30" testType="13cdc9d9-ddb5-4fa4-a97d-d965ccfc6d4b" outcome="Passed" testListId="8c84fa94-04c1-424b-9868-57a2d4851a1d">
      <Output>
      </Output>
    </UnitTestResult>
    <UnitTestResult executionId="afec93d6-20ce-4849-954d-bbf6773f76ef" testId="78a13f87-a080-5648-2cf3-6293bde6ec22" testName="ExplicitAuthorityLastAuthorativeFlagWinsTest" computerName="FANZ-FAL099329" duration="00:00:00.0035697" startTime="2011-01-12T15:09:27.6943830+09:30" endTime="2011-01-12T15:09:27.7100097+09:30" testType="13cdc9d9-ddb5-4fa4-a97d-d965ccfc6d4b" outcome="Passed" testListId="8c84fa94-04c1-424b-9868-57a2d4851a1d">
      <Output>
      </Output>
    </UnitTestResult>
    <UnitTestResult executionId="6c5daf65-4a7a-48ae-a097-6b0552384ef7" testId="e676d73e-7761-b947-62de-81a1f4a950fa" testName="CollectionTwoWayTest" computerName="FANZ-FAL099329" duration="00:00:00.0128066" startTime="2011-01-12T15:09:27.7100097+09:30" endTime="2011-01-12T15:09:27.7256364+09:30" testType="13cdc9d9-ddb5-4fa4-a97d-d965ccfc6d4b" outcome="Passed" testListId="8c84fa94-04c1-424b-9868-57a2d4851a1d">
      <Output>
      </Output>
    </UnitTestResult>
    <UnitTestResult executionId="6a493757-4386-4456-b373-f567b9fde5f0" testId="ebdb73ed-ade3-2a15-763a-2451dfefc938" testName="CollectionOneWayTest" computerName="FANZ-FAL099329" duration="00:00:00.0049148" startTime="2011-01-12T15:09:27.7256364+09:30" endTime="2011-01-12T15:09:27.7412631+09:30" testType="13cdc9d9-ddb5-4fa4-a97d-d965ccfc6d4b" outcome="Passed" testListId="8c84fa94-04c1-424b-9868-57a2d4851a1d">
      <Output>
      </Output>
    </UnitTestResult>
    <UnitTestResult executionId="73bd009f-d064-4a79-896e-78b30a91513e" testId="956f849c-4cd1-2d9a-3aed-76e30d8ae2c5" testName="SimplePathStorageTest" computerName="FANZ-FAL099329" duration="00:00:00.0026483" startTime="2011-01-12T15:09:27.7412631+09:30" endTime="2011-01-12T15:09:27.7412631+09:30" testType="13cdc9d9-ddb5-4fa4-a97d-d965ccfc6d4b" outcome="Passed" testListId="8c84fa94-04c1-424b-9868-57a2d4851a1d">
      <Output>
      </Output>
    </UnitTestResult>
    <UnitTestResult executionId="0763fab2-4de3-4ecc-9456-95fb4535384d" testId="1f3f1fc1-124e-3cd3-47c8-1e2b20c95bb6" testName="SimplePathSourceResolutionTest" computerName="FANZ-FAL099329" duration="00:00:00.0029799" startTime="2011-01-12T15:09:27.7412631+09:30" endTime="2011-01-12T15:09:27.7568898+09:30" testType="13cdc9d9-ddb5-4fa4-a97d-d965ccfc6d4b" outcome="Passed" testListId="8c84fa94-04c1-424b-9868-57a2d4851a1d">
      <Output>
      </Output>
    </UnitTestResult>
    <UnitTestResult executionId="75827714-35f9-44b3-9549-bcba49c4194d" testId="58ee54d4-a195-3843-b6a7-6bb64ef8831f" testName="IndexedPathStorageTest" computerName="FANZ-FAL099329" duration="00:00:00.0005645" startTime="2011-01-12T15:09:27.7568898+09:30" endTime="2011-01-12T15:09:27.7568898+09:30" testType="13cdc9d9-ddb5-4fa4-a97d-d965ccfc6d4b" outcome="Passed" testListId="8c84fa94-04c1-424b-9868-57a2d4851a1d">
      <Output>
      </Output>
    </UnitTestResult>
    <UnitTestResult executionId="b45e8995-a9c9-4390-85b4-eb4674e2f678" testId="99fb07f7-55bf-f7e4-7a96-48e36a5c2ad7" testName="IndexedPathSourceResolutionTest" computerName="FANZ-FAL099329" duration="00:00:00.0022815" startTime="2011-01-12T15:09:27.7568898+09:30" endTime="2011-01-12T15:09:27.7568898+09:30" testType="13cdc9d9-ddb5-4fa4-a97d-d965ccfc6d4b" outcome="Passed" testListId="8c84fa94-04c1-424b-9868-57a2d4851a1d">
      <Output>
      </Output>
    </UnitTestResult>
    <UnitTestResult executionId="8e2edfdc-2df5-4fdd-8cd4-cfb2e8154c29" testId="55b85cba-cdc6-fb80-a2c3-de9ed863ea72" testName="SimplePathTargetResolutionTest" computerName="FANZ-FAL099329" duration="00:00:00.0032884" startTime="2011-01-12T15:09:27.7568898+09:30" endTime="2011-01-12T15:09:27.7725165+09:30" testType="13cdc9d9-ddb5-4fa4-a97d-d965ccfc6d4b" outcome="Passed" testListId="8c84fa94-04c1-424b-9868-57a2d4851a1d">
      <Output>
      </Output>
    </UnitTestResult>
    <UnitTestResult executionId="6852d15e-243e-4801-bf81-c36cb89b5a83" testId="827503b3-8da4-a818-ae95-4fa970a521a7" testName="NestedRelativePathTest" computerName="FANZ-FAL099329" duration="00:00:00.0027623" startTime="2011-01-12T15:09:27.7725165+09:30" endTime="2011-01-12T15:09:27.7725165+09:30" testType="13cdc9d9-ddb5-4fa4-a97d-d965ccfc6d4b" outcome="Passed" testListId="8c84fa94-04c1-424b-9868-57a2d4851a1d">
      <Output>
      </Output>
    </UnitTestResult>
    <UnitTestResult executionId="358c898c-05b9-43ea-aad7-78b8d649fa8e" testId="bf4bd52d-ee45-124b-ffdc-23ceefc77bc4" testName="NestedCollectionRelativePathTest" computerName="FANZ-FAL099329" duration="00:00:00.0321862" startTime="2011-01-12T15:09:27.7725165+09:30" endTime="2011-01-12T15:09:27.8037699+09:30" testType="13cdc9d9-ddb5-4fa4-a97d-d965ccfc6d4b" outcome="Failed" testListId="8c84fa94-04c1-424b-9868-57a2d4851a1d">
      <Output>
        <ErrorInfo>
          <Message>Assert.IsNotNull failed. </Message>
          <StackTrace>   at BinderTests.BindingPathTests.NestedCollectionRelativePathTest() in D:\Documents and Settings\shiless\My Documents\Binding Framework\BindingFramework\FrameworkTests\BindingPathTests.cs:line 210
</StackTrace>
        </ErrorInfo>
      </Output>
    </UnitTestResult>
    <UnitTestResult executionId="61fca2c9-8250-4c12-85b7-84641aefa715" testId="efbb38b3-e1cb-c476-63a6-499bcb1a2414" testName="NestedAbsolutePathTest" computerName="FANZ-FAL099329" duration="00:00:00.0034431" startTime="2011-01-12T15:09:27.8037699+09:30" endTime="2011-01-12T15:09:27.8193966+09:30" testType="13cdc9d9-ddb5-4fa4-a97d-d965ccfc6d4b" outcome="Passed" testListId="8c84fa94-04c1-424b-9868-57a2d4851a1d">
      <Output>
      </Output>
    </UnitTestResult>
    <UnitTestResult executionId="720ff4b4-7f7a-4cc6-93d6-a6f8f9298b48" testId="fcd3a7c5-f580-aa2b-ddb9-82096a75d787" testName="NestedCollectionAbsolutePathTest" computerName="FANZ-FAL099329" duration="00:00:00.0019955" startTime="2011-01-12T15:09:27.8193966+09:30" endTime="2011-01-12T15:09:27.8193966+09:30" testType="13cdc9d9-ddb5-4fa4-a97d-d965ccfc6d4b" outcome="Passed" testListId="8c84fa94-04c1-424b-9868-57a2d4851a1d">
      <Output>
      </Output>
    </UnitTestResult>
    <UnitTestResult executionId="4dd2ec5a-49a7-4b96-a21d-ca17dd30ea5e" testId="4e684b37-0405-d140-9865-f8fc3ca26985" testName="ContextIsConsistentBetweenGetsTest" computerName="FANZ-FAL099329" duration="00:00:00.0050277" startTime="2011-01-12T15:09:27.8193966+09:30" endTime="2011-01-12T15:09:27.8350233+09:30" testType="13cdc9d9-ddb5-4fa4-a97d-d965ccfc6d4b" outcome="Passed" testListId="8c84fa94-04c1-424b-9868-57a2d4851a1d">
      <Output>
      </Output>
    </UnitTestResult>
  </Results>
</TestRun>